<!doctype html public "-//w3c//dtd html 4.0 transitional//en">
<html><head>
<title>Static Call Graph - [ST_emWin_Freertos\ST_emWin_Freertos.axf]</title></head>
<body><HR>
<H1>Static Call Graph for image ST_emWin_Freertos\ST_emWin_Freertos.axf</H1><HR>
<BR><P>#&#060CALLGRAPH&#062# ARM Linker, 5060960: Last Updated: Mon Dec 11 21:03:34 2023
<BR><P>
<H3>Maximum Stack Usage =        272 bytes + Unknown(Functions without stacksize, Cycles, Untraceable Function Pointers)</H3><H3>
Call chain for Maximum Stack Depth:</H3>
main &rArr; MX_FREERTOS_Init &rArr; osThreadCreate &rArr; xTaskCreate &rArr; pvPortMalloc &rArr; xTaskResumeAll &rArr; xTaskIncrementTick
<P>
<H3>
Functions with no stack information
</H3><UL>
 <LI><a href="#[86]">BUTTON_Callback</a>
 <LI><a href="#[ed]">BUTTON_CreateIndirect</a>
 <LI><a href="#[e]">BUTTON_DrawSkinFlex</a>
 <LI><a href="#[87]">FRAMEWIN_Callback</a>
 <LI><a href="#[eb]">FRAMEWIN_CreateIndirect</a>
 <LI><a href="#[10]">FRAMEWIN_DrawSkinFlex</a>
 <LI><a href="#[1c4]">FRAMEWIN_GetActive</a>
 <LI><a href="#[1be]">FRAMEWIN__CalcPositions</a>
 <LI><a href="#[1cd]">FRAMEWIN__CalcTitleHeight</a>
 <LI><a href="#[f]">FRAMEWIN__GetBorderSize</a>
 <LI><a href="#[1cb]">FRAMEWIN__GetTitleLimits</a>
 <LI><a href="#[1d4]">GL_SetDefault</a>
 <LI><a href="#[3ed]">GUICC_M1555I_SetCustColorConv</a>
 <LI><a href="#[3ef]">GUICC_M4444I_SetCustColorConv</a>
 <LI><a href="#[3ee]">GUICC_M565_SetCustColorConv</a>
 <LI><a href="#[3f1]">GUICC_M8888I_SetCustColorConv</a>
 <LI><a href="#[3f0]">GUICC_M888_SetCustColorConv</a>
 <LI><a href="#[144]">GUIMONO_DispChar</a>
 <LI><a href="#[145]">GUIMONO_GetCharDistX</a>
 <LI><a href="#[146]">GUIMONO_GetFontInfo</a>
 <LI><a href="#[147]">GUIMONO_IsInFont</a>
 <LI><a href="#[16e]">GUIPROP_DispChar</a>
 <LI><a href="#[16f]">GUIPROP_GetCharDistX</a>
 <LI><a href="#[170]">GUIPROP_GetFontInfo</a>
 <LI><a href="#[171]">GUIPROP_IsInFont</a>
 <LI><a href="#[1db]">GUITASK_CopyContext</a>
 <LI><a href="#[1dd]">GUITASK_Init</a>
 <LI><a href="#[1e1]">GUI_ALLOC_AllocInit</a>
 <LI><a href="#[1e3]">GUI_ALLOC_AllocNoInit</a>
 <LI><a href="#[1e4]">GUI_ALLOC_AllocZero</a>
 <LI><a href="#[362]">GUI_ALLOC_AssignMemory</a>
 <LI><a href="#[1e5]">GUI_ALLOC_Free</a>
 <LI><a href="#[204]">GUI_ALLOC_FreeFixedBlock</a>
 <LI><a href="#[1a1]">GUI_ALLOC_FreePtr</a>
 <LI><a href="#[1a2]">GUI_ALLOC_FreePtrArray</a>
 <LI><a href="#[1df]">GUI_ALLOC_GetFixedBlock</a>
 <LI><a href="#[1e9]">GUI_ALLOC_GetMaxSize</a>
 <LI><a href="#[2a6]">GUI_ALLOC_GetSize</a>
 <LI><a href="#[208]">GUI_ALLOC_Lock</a>
 <LI><a href="#[19e]">GUI_ALLOC_LockH</a>
 <LI><a href="#[1ea]">GUI_ALLOC_Realloc</a>
 <LI><a href="#[1eb]">GUI_ALLOC_RequestSize</a>
 <LI><a href="#[20a]">GUI_ALLOC_Unlock</a>
 <LI><a href="#[19f]">GUI_ALLOC_UnlockH</a>
 <LI><a href="#[200]">GUI_ALLOC_h2p</a>
 <LI><a href="#[1ec]">GUI_ARRAY_AddItem</a>
 <LI><a href="#[1ed]">GUI_ARRAY_Create</a>
 <LI><a href="#[1ee]">GUI_ARRAY_Delete</a>
 <LI><a href="#[1ef]">GUI_ARRAY_GetNumItems</a>
 <LI><a href="#[1f0]">GUI_ARRAY_GetpItemLocked</a>
 <LI><a href="#[1f1]">GUI_CURSOR_SetPositionEx</a>
 <LI><a href="#[322]">GUI_CalcColorDist</a>
 <LI><a href="#[1d2]">GUI_Clear</a>
 <LI><a href="#[1f8]">GUI_ClearRect</a>
 <LI><a href="#[1f9]">GUI_CreateDialogBox</a>
 <LI><a href="#[275]">GUI_DCACHE_Clear</a>
 <LI><a href="#[201]">GUI_DEVICE_Create</a>
 <LI><a href="#[202]">GUI_DEVICE_CreateAndLink</a>
 <LI><a href="#[203]">GUI_DEVICE_Delete</a>
 <LI><a href="#[247]">GUI_DEVICE_Link</a>
 <LI><a href="#[23a]">GUI_DEVICE_LinkDevices</a>
 <LI><a href="#[285]">GUI_DEVICE_Unlink</a>
 <LI><a href="#[239]">GUI_DEVICE_UnlinkTaskDevices</a>
 <LI><a href="#[283]">GUI_DEVICE__GetpDevice</a>
 <LI><a href="#[24d]">GUI_DEVICE__GetpDriver</a>
 <LI><a href="#[1b3]">GUI_DRAW__Draw</a>
 <LI><a href="#[205]">GUI_Delay</a>
 <LI><a href="#[212]">GUI_DispStringAt</a>
 <LI><a href="#[1b1]">GUI_DispStringInRect</a>
 <LI><a href="#[216]">GUI_DispStringInRectWrap</a>
 <LI><a href="#[21a]">GUI_DrawBitmap</a>
 <LI><a href="#[a1]">GUI_DrawGradientH</a>
 <LI><a href="#[a0]">GUI_DrawGradientV</a>
 <LI><a href="#[1b6]">GUI_DrawHLine</a>
 <LI><a href="#[1c7]">GUI_DrawPixel</a>
 <LI><a href="#[1ac]">GUI_DrawRect</a>
 <LI><a href="#[1b7]">GUI_DrawVLine</a>
 <LI><a href="#[21d]">GUI_EndDialog</a>
 <LI><a href="#[207]">GUI_Exec</a>
 <LI><a href="#[1b8]">GUI_FillRect</a>
 <LI><a href="#[1c6]">GUI_FillRectEx</a>
 <LI><a href="#[27e]">GUI_GetBitmapPixelIndex</a>
 <LI><a href="#[26e]">GUI_GetBitsPerPixelEx</a>
 <LI><a href="#[1da]">GUI_GetBkColor</a>
 <LI><a href="#[223]">GUI_GetCharDistX</a>
 <LI><a href="#[224]">GUI_GetCharDistXEx</a>
 <LI><a href="#[1ae]">GUI_GetClientRect</a>
 <LI><a href="#[1d9]">GUI_GetColor</a>
 <LI><a href="#[1f2]">GUI_GetCursorLayer</a>
 <LI><a href="#[227]">GUI_GetDrawMode</a>
 <LI><a href="#[20c]">GUI_GetFontDistY</a>
 <LI><a href="#[228]">GUI_GetLayerPosEx</a>
 <LI><a href="#[22a]">GUI_GetOrg</a>
 <LI><a href="#[22b]">GUI_GetTime</a>
 <LI><a href="#[299]">GUI_GetVersionString</a>
 <LI><a href="#[20d]">GUI_GetYAdjust</a>
 <LI><a href="#[1cc]">GUI_GetYSizeOfFont</a>
 <LI><a href="#[270]">GUI_GetpfColor2IndexEx</a>
 <LI><a href="#[26f]">GUI_GetpfIndex2ColorEx</a>
 <LI><a href="#[1f5]">GUI_GotoXY</a>
 <LI><a href="#[22c]">GUI_Init</a>
 <LI><a href="#[1a5]">GUI_Lock</a>
 <LI><a href="#[23b]">GUI_MEMDEV_Clear</a>
 <LI><a href="#[23c]">GUI_MEMDEV_ClearAlpha</a>
 <LI><a href="#[242]">GUI_MEMDEV_CopyToLCD</a>
 <LI><a href="#[24b]">GUI_MEMDEV_CreateEx</a>
 <LI><a href="#[24e]">GUI_MEMDEV_CreateFixed</a>
 <LI><a href="#[24f]">GUI_MEMDEV_CreateFixed32</a>
 <LI><a href="#[250]">GUI_MEMDEV_Delete</a>
 <LI><a href="#[252]">GUI_MEMDEV_Draw</a>
 <LI><a href="#[241]">GUI_MEMDEV_GetBitsPerPixel</a>
 <LI><a href="#[240]">GUI_MEMDEV_GetColorConv</a>
 <LI><a href="#[23f]">GUI_MEMDEV_GetDataPtr</a>
 <LI><a href="#[25c]">GUI_MEMDEV_GetXPos</a>
 <LI><a href="#[23d]">GUI_MEMDEV_GetXSize</a>
 <LI><a href="#[25d]">GUI_MEMDEV_GetYPos</a>
 <LI><a href="#[23e]">GUI_MEMDEV_GetYSize</a>
 <LI><a href="#[ab]">GUI_MEMDEV_Paint1Static</a>
 <LI><a href="#[256]">GUI_MEMDEV_ReduceYSize</a>
 <LI><a href="#[264]">GUI_MEMDEV_Rotate</a>
 <LI><a href="#[266]">GUI_MEMDEV_RotateHQHR</a>
 <LI><a href="#[255]">GUI_MEMDEV_Select</a>
 <LI><a href="#[257]">GUI_MEMDEV_SetOrg</a>
 <LI><a href="#[260]">GUI_MEMDEV_Write</a>
 <LI><a href="#[26b]">GUI_MEMDEV_WriteAt</a>
 <LI><a href="#[24c]">GUI_MEMDEV__CreateFixed</a>
 <LI><a href="#[284]">GUI_MEMDEV__SetAlphaCallback</a>
 <LI><a href="#[c9]">GUI_MEMDEV__WriteToActiveAlpha</a>
 <LI><a href="#[26a]">GUI_MEMDEV__WriteToActiveAt</a>
 <LI><a href="#[ca]">GUI_MEMDEV__WriteToActiveOpaque</a>
 <LI><a href="#[273]">GUI_MULTIBUF_BeginEx</a>
 <LI><a href="#[39f]">GUI_MULTIBUF_ConfirmEx</a>
 <LI><a href="#[274]">GUI_MULTIBUF_EndEx</a>
 <LI><a href="#[30e]">GUI_MergeRect</a>
 <LI><a href="#[1af]">GUI_MoveRect</a>
 <LI><a href="#[2f7]">GUI_PID_GetState</a>
 <LI><a href="#[2f6]">GUI_PID_IsEmpty</a>
 <LI><a href="#[276]">GUI_PID_StoreState</a>
 <LI><a href="#[278]">GUI_PollKeyMsg</a>
 <LI><a href="#[27a]">GUI_ReadRectEx</a>
 <LI><a href="#[314]">GUI_RectsIntersect</a>
 <LI><a href="#[27c]">GUI_RestoreContext</a>
 <LI><a href="#[1f4]">GUI_SPRITE_SetPosition</a>
 <LI><a href="#[281]">GUI_SaveContext_W</a>
 <LI><a href="#[24a]">GUI_SelectLCD</a>
 <LI><a href="#[244]">GUI_SelectLayer</a>
 <LI><a href="#[8d]">GUI_SetAlpha</a>
 <LI><a href="#[287]">GUI_SetBkColor</a>
 <LI><a href="#[1ab]">GUI_SetColor</a>
 <LI><a href="#[21b]">GUI_SetDrawMode</a>
 <LI><a href="#[1ad]">GUI_SetFont</a>
 <LI><a href="#[3f2]">GUI_SetFuncDrawAlpha</a>
 <LI><a href="#[1f3]">GUI_SetLayerPosEx</a>
 <LI><a href="#[236]">GUI_SetOrg</a>
 <LI><a href="#[1b0]">GUI_SetTextMode</a>
 <LI><a href="#[277]">GUI_SignalEvent</a>
 <LI><a href="#[1a4]">GUI_StoreKey</a>
 <LI><a href="#[289]">GUI_TIMER_Create</a>
 <LI><a href="#[28b]">GUI_TIMER_Delete</a>
 <LI><a href="#[8e]">GUI_TIMER_Exec</a>
 <LI><a href="#[28c]">GUI_TIMER_GetFlag</a>
 <LI><a href="#[28d]">GUI_TIMER_Restart</a>
 <LI><a href="#[28e]">GUI_TIMER_SetPeriod</a>
 <LI><a href="#[28f]">GUI_TIMER__GetFirstTimer</a>
 <LI><a href="#[290]">GUI_TIMER__GetNextTimerLin</a>
 <LI><a href="#[291]">GUI_TOUCH_StoreState</a>
 <LI><a href="#[292]">GUI_TOUCH_StoreStateEx</a>
 <LI><a href="#[2a1]">GUI_UC__GetCharCodeInc</a>
 <LI><a href="#[211]">GUI_UC__NumChars2NumBytes</a>
 <LI><a href="#[325]">GUI_USAGE_AddRect</a>
 <LI><a href="#[26c]">GUI_USAGE_BM_Create</a>
 <LI><a href="#[251]">GUI_USAGE_DecUseCnt</a>
 <LI><a href="#[1a7]">GUI_Unlock</a>
 <LI><a href="#[295]">GUI__ATan2</a>
 <LI><a href="#[297]">GUI__AllocAlphaBuffer</a>
 <LI><a href="#[25e]">GUI__AlphaPreserveTrans</a>
 <LI><a href="#[271]">GUI__CompactPixelIndices</a>
 <LI><a href="#[323]">GUI__CompactPixelIndicesEx</a>
 <LI><a href="#[22d]">GUI__Config</a>
 <LI><a href="#[267]">GUI__CosHQ</a>
 <LI><a href="#[210]">GUI__DispLine</a>
 <LI><a href="#[215]">GUI__DispStringInRect</a>
 <LI><a href="#[2d7]">GUI__DivideRound32</a>
 <LI><a href="#[29e]">GUI__DoAlphaBlending</a>
 <LI><a href="#[1c5]">GUI__DrawTwinArc2</a>
 <LI><a href="#[1b5]">GUI__DrawTwinArc4</a>
 <LI><a href="#[32b]">GUI__ExpandPixelIndices</a>
 <LI><a href="#[29f]">GUI__ExpandPixelIndicesEx</a>
 <LI><a href="#[2a0]">GUI__GetAlphaBuffer</a>
 <LI><a href="#[20f]">GUI__GetLineDistX</a>
 <LI><a href="#[20e]">GUI__GetLineNumChars</a>
 <LI><a href="#[29d]">GUI__HandleEOLine</a>
 <LI><a href="#[2ad]">GUI__IntersectRect</a>
 <LI><a href="#[214]">GUI__IntersectRects</a>
 <LI><a href="#[2a2]">GUI__ManageCache</a>
 <LI><a href="#[b]">GUI__MixColors</a>
 <LI><a href="#[c]">GUI__MixColorsBulk</a>
 <LI><a href="#[2df]">GUI__ReduceRect</a>
 <LI><a href="#[1de]">GUI__RegisterExit</a>
 <LI><a href="#[2a3]">GUI__SetPixelAlpha</a>
 <LI><a href="#[1a9]">GUI__SetText</a>
 <LI><a href="#[268]">GUI__SinHQ</a>
 <LI><a href="#[218]">GUI__WrapGetNumBytesToNextLine</a>
 <LI><a href="#[219]">GUI__WrapGetNumCharsDisp</a>
 <LI><a href="#[2a8]">GUI__memset</a>
 <LI><a href="#[327]">GUI__memset16</a>
 <LI><a href="#[296]">GUI__sqrt32</a>
 <LI><a href="#[2a9]">ICONVIEW_AddBitmapItem</a>
 <LI><a href="#[97]">ICONVIEW_Callback</a>
 <LI><a href="#[ee]">ICONVIEW_CreateIndirect</a>
 <LI><a href="#[98]">ICONVIEW_OwnerDraw</a>
 <LI><a href="#[2b5]">ICONVIEW_SetFrame</a>
 <LI><a href="#[2b6]">ICONVIEW_SetOwnerDraw</a>
 <LI><a href="#[2b7]">ICONVIEW_SetTextAlign</a>
 <LI><a href="#[95]">ICONVIEW__DrawText</a>
 <LI><a href="#[2ab]">ICONVIEW__ManageAutoScroll</a>
 <LI><a href="#[99]">KNOB_Callback</a>
 <LI><a href="#[ec]">KNOB_CreateIndirect</a>
 <LI><a href="#[2bf]">KNOB_SetDevice</a>
 <LI><a href="#[16]">LCD_AA_MixColors16</a>
 <LI><a href="#[298]">LCD_AA_SetOrMask</a>
 <LI><a href="#[2a5]">LCD_Color2Index</a>
 <LI><a href="#[fa]">LCD_Color2Index_8666</a>
 <LI><a href="#[1d7]">LCD_DrawBitmap</a>
 <LI><a href="#[12e]">LCD_DrawHLine</a>
 <LI><a href="#[12f]">LCD_DrawPixel</a>
 <LI><a href="#[21c]">LCD_DrawVLine</a>
 <LI><a href="#[1d8]">LCD_FillRect</a>
 <LI><a href="#[2c0]">LCD_GetBitsPerPixelEx</a>
 <LI><a href="#[221]">LCD_GetBkColorIndex</a>
 <LI><a href="#[226]">LCD_GetColorIndex</a>
 <LI><a href="#[2c1]">LCD_GetMirrorXEx</a>
 <LI><a href="#[2c2]">LCD_GetMirrorYEx</a>
 <LI><a href="#[2c3]">LCD_GetNumColors</a>
 <LI><a href="#[2c4]">LCD_GetNumColorsEx</a>
 <LI><a href="#[2c5]">LCD_GetNumLayers</a>
 <LI><a href="#[2c6]">LCD_GetPalette</a>
 <LI><a href="#[2a4]">LCD_GetPixelColor</a>
 <LI><a href="#[2c7]">LCD_GetPixelIndex</a>
 <LI><a href="#[229]">LCD_GetPosEx</a>
 <LI><a href="#[2c8]">LCD_GetSwapXYEx</a>
 <LI><a href="#[259]">LCD_GetVXSizeEx</a>
 <LI><a href="#[286]">LCD_GetVXSizeMax</a>
 <LI><a href="#[25a]">LCD_GetVYSizeEx</a>
 <LI><a href="#[261]">LCD_GetXSize</a>
 <LI><a href="#[231]">LCD_GetXSizeDisplay</a>
 <LI><a href="#[253]">LCD_GetXSizeEx</a>
 <LI><a href="#[233]">LCD_GetXSizeMax</a>
 <LI><a href="#[262]">LCD_GetYSize</a>
 <LI><a href="#[232]">LCD_GetYSizeDisplay</a>
 <LI><a href="#[254]">LCD_GetYSizeEx</a>
 <LI><a href="#[234]">LCD_GetYSizeMax</a>
 <LI><a href="#[a]">LCD_GetpPalConvTableBM</a>
 <LI><a href="#[222]">LCD_Index2Color</a>
 <LI><a href="#[ae]">LCD_Index2Color_555</a>
 <LI><a href="#[af]">LCD_Index2Color_565</a>
 <LI><a href="#[fb]">LCD_Index2Color_8666</a>
 <LI><a href="#[118]">LCD_Index2Color_888</a>
 <LI><a href="#[11d]">LCD_Index2Color_8888</a>
 <LI><a href="#[b0]">LCD_Index2Color_M555</a>
 <LI><a href="#[b1]">LCD_Index2Color_M565</a>
 <LI><a href="#[93]">LCD_Index2Color_M888</a>
 <LI><a href="#[92]">LCD_Index2Color_M8888I</a>
 <LI><a href="#[2c9]">LCD_InitColors</a>
 <LI><a href="#[2ca]">LCD_InitLUT</a>
 <LI><a href="#[282]">LCD_SelectLCD</a>
 <LI><a href="#[1d1]">LCD_SetBkColor</a>
 <LI><a href="#[2d2]">LCD_SetBkColorIndex</a>
 <LI><a href="#[2cc]">LCD_SetClipRectEx</a>
 <LI><a href="#[249]">LCD_SetClipRectMax</a>
 <LI><a href="#[1d5]">LCD_SetColor</a>
 <LI><a href="#[2d1]">LCD_SetColorIndex</a>
 <LI><a href="#[2cd]">LCD_SetDevFunc</a>
 <LI><a href="#[235]">LCD_SetDisplaySize</a>
 <LI><a href="#[1d6]">LCD_SetDrawMode</a>
 <LI><a href="#[2cb]">LCD_SetLUTEntryEx</a>
 <LI><a href="#[288]">LCD_SetPosEx</a>
 <LI><a href="#[2ce]">LCD_SetSizeEx</a>
 <LI><a href="#[2cf]">LCD_SetVRAMAddrEx</a>
 <LI><a href="#[2d0]">LCD_SetVSizeEx</a>
 <LI><a href="#[248]">LCD_UpdateColorIndices</a>
 <LI><a href="#[272]">LCD__DrawBitmap_1bpp</a>
 <LI><a href="#[25b]">LCD__GetBPPDevice</a>
 <LI><a href="#[9b]">SCROLLBAR_Callback</a>
 <LI><a href="#[2d9]">SCROLLBAR_CreateAttached</a>
 <LI><a href="#[1c]">SCROLLBAR_DrawSkinFlex</a>
 <LI><a href="#[321]">SCROLLBAR__Rect2VRect</a>
 <LI><a href="#[1a3]">WIDGET_AndState</a>
 <LI><a href="#[19b]">WIDGET_HandleActive</a>
 <LI><a href="#[19d]">WIDGET_OrState</a>
 <LI><a href="#[2dc]">WIDGET__DrawTriangle</a>
 <LI><a href="#[2e0]">WIDGET__GetClientRect</a>
 <LI><a href="#[1a8]">WIDGET__Init</a>
 <LI><a href="#[2db]">WIDGET__RotateRect90</a>
 <LI><a href="#[245]">WM_Activate</a>
 <LI><a href="#[2e1]">WM_BringToBottom</a>
 <LI><a href="#[1bc]">WM_BringToTop</a>
 <LI><a href="#[2d8]">WM_CreateTimer</a>
 <LI><a href="#[1a6]">WM_CreateWindowAsChild</a>
 <LI><a href="#[246]">WM_Deactivate</a>
 <LI><a href="#[19c]">WM_DefaultProc</a>
 <LI><a href="#[2d6]">WM_DeleteTimer</a>
 <LI><a href="#[1fc]">WM_DeleteWindow</a>
 <LI><a href="#[1c3]">WM_DisableMemdev</a>
 <LI><a href="#[220]">WM_Exec</a>
 <LI><a href="#[2e6]">WM_ForEachDesc</a>
 <LI><a href="#[2f5]">WM_GetActiveWindow</a>
 <LI><a href="#[225]">WM_GetClientRect</a>
 <LI><a href="#[1fa]">WM_GetClientWindow</a>
 <LI><a href="#[1fd]">WM_GetDesktopWindow</a>
 <LI><a href="#[310]">WM_GetDesktopWindowEx</a>
 <LI><a href="#[2b9]">WM_GetDialogItem</a>
 <LI><a href="#[1ce]">WM_GetFirstChild</a>
 <LI><a href="#[1ff]">WM_GetFocusedWindow</a>
 <LI><a href="#[2b4]">WM_GetHasTrans</a>
 <LI><a href="#[2f1]">WM_GetId</a>
 <LI><a href="#[2da]">WM_GetInsideRectEx</a>
 <LI><a href="#[2ac]">WM_GetInsideRectExScrollbar</a>
 <LI><a href="#[1cf]">WM_GetNextSibling</a>
 <LI><a href="#[1d0]">WM_GetParent</a>
 <LI><a href="#[2d3]">WM_GetScrollPartner</a>
 <LI><a href="#[2b3]">WM_GetScrollState</a>
 <LI><a href="#[2b1]">WM_GetScrollbarH</a>
 <LI><a href="#[2b0]">WM_GetScrollbarV</a>
 <LI><a href="#[25f]">WM_GetWindowOrgX</a>
 <LI><a href="#[2f3]">WM_GetWindowRectEx</a>
 <LI><a href="#[2f4]">WM_GetWindowSizeX</a>
 <LI><a href="#[1ca]">WM_GetWindowSizeY</a>
 <LI><a href="#[8a]">WM_HandlePID</a>
 <LI><a href="#[313]">WM_HasCaptured</a>
 <LI><a href="#[1c1]">WM_HasFocus</a>
 <LI><a href="#[2ff]">WM_HideWindow</a>
 <LI><a href="#[237]">WM_Init</a>
 <LI><a href="#[330]">WM_InvalidateRect</a>
 <LI><a href="#[1aa]">WM_InvalidateWindow</a>
 <LI><a href="#[302]">WM_InvalidateWindowAndDescs</a>
 <LI><a href="#[303]">WM_InvalidateWindowAndDescsEx</a>
 <LI><a href="#[304]">WM_IsEnabled</a>
 <LI><a href="#[305]">WM_IsFocusable</a>
 <LI><a href="#[1c0]">WM_IsWindow</a>
 <LI><a href="#[2be]">WM_MOTION_Enable</a>
 <LI><a href="#[2bd]">WM_MOTION__CreateContext</a>
 <LI><a href="#[2bb]">WM_MOTION__DeleteContext</a>
 <LI><a href="#[35f]">WM_MULTIBUF_Enable</a>
 <LI><a href="#[309]">WM_MoveWindow</a>
 <LI><a href="#[1a0]">WM_NotifyParent</a>
 <LI><a href="#[279]">WM_OnKey</a>
 <LI><a href="#[2fa]">WM_PID__SetPrevState</a>
 <LI><a href="#[2fe]">WM_ReleaseCapture</a>
 <LI><a href="#[30c]">WM_ResizeWindow</a>
 <LI><a href="#[2d4]">WM_RestartTimer</a>
 <LI><a href="#[2fc]">WM_Screen2hWin</a>
 <LI><a href="#[21e]">WM_SendMessage</a>
 <LI><a href="#[1fe]">WM_SendMessageNoPara</a>
 <LI><a href="#[2e9]">WM_SendToParent</a>
 <LI><a href="#[312]">WM_SetCallback</a>
 <LI><a href="#[2d5]">WM_SetCapture</a>
 <LI><a href="#[1bd]">WM_SetCaptureMove</a>
 <LI><a href="#[360]">WM_SetCreateFlags</a>
 <LI><a href="#[1b9]">WM_SetFocus</a>
 <LI><a href="#[1c2]">WM_SetFocusOnNextChild</a>
 <LI><a href="#[1d3]">WM_SetFocusOnPrevChild</a>
 <LI><a href="#[1b4]">WM_SetHasTrans</a>
 <LI><a href="#[2ba]">WM_SetScrollState</a>
 <LI><a href="#[2b8]">WM_SetScrollbarV</a>
 <LI><a href="#[263]">WM_SetSize</a>
 <LI><a href="#[213]">WM_SetUserClipRect</a>
 <LI><a href="#[1fb]">WM_ShowWindow</a>
 <LI><a href="#[318]">WM_ValidateWindow</a>
 <LI><a href="#[319]">WM__ActivateClipRect</a>
 <LI><a href="#[2f8]">WM__AddCriticalHandle</a>
 <LI><a href="#[2eb]">WM__DeleteAssocTimer</a>
 <LI><a href="#[21f]">WM__DeleteSecure</a>
 <LI><a href="#[2ef]">WM__ForEachDesc</a>
 <LI><a href="#[2e8]">WM__GetClientRectEx</a>
 <LI><a href="#[2de]">WM__GetClientRectWin</a>
 <LI><a href="#[315]">WM__GetFocusedChild</a>
 <LI><a href="#[317]">WM__GetLastSibling</a>
 <LI><a href="#[1f7]">WM__GetNextIVR</a>
 <LI><a href="#[2e2]">WM__GetPrevSibling</a>
 <LI><a href="#[316]">WM__GetTopLevelLayer</a>
 <LI><a href="#[1c8]">WM__GetWindowSizeX</a>
 <LI><a href="#[1c9]">WM__GetWindowSizeY</a>
 <LI><a href="#[1f6]">WM__InitIVRSearch</a>
 <LI><a href="#[2e5]">WM__InsertWindowIntoList</a>
 <LI><a href="#[301]">WM__InvalidateDrawAndDescs</a>
 <LI><a href="#[30b]">WM__InvalidateParent</a>
 <LI><a href="#[2ec]">WM__InvalidateRect</a>
 <LI><a href="#[2e3]">WM__InvalidateRectEx</a>
 <LI><a href="#[1bb]">WM__IsAncestor</a>
 <LI><a href="#[1ba]">WM__IsAncestorOrSelf</a>
 <LI><a href="#[1b2]">WM__IsEnabled</a>
 <LI><a href="#[31d]">WM__IsInModalArea</a>
 <LI><a href="#[306]">WM__IsWindow</a>
 <LI><a href="#[aa]">WM__Paint1</a>
 <LI><a href="#[2fb]">WM__RemoveCriticalHandle</a>
 <LI><a href="#[2e4]">WM__RemoveWindowFromList</a>
 <LI><a href="#[1bf]">WM__SendMessage</a>
 <LI><a href="#[2fd]">WM__SendMessageIfEnabled</a>
 <LI><a href="#[258]">WM__SendMessageNoPara</a>
 <LI><a href="#[30f]">WM__SendMsgNoData</a>
 <LI><a href="#[2f9]">WM__SendTouchMessage</a>
 <LI><a href="#[307]">WM__SetMotionCallback</a>
 <LI><a href="#[2dd]">WM__UpdateChildPositions</a>
 <LI><a href="#[230]">emWin_LCD_Init</a>
 <LI><a href="#[ef]">_Color2Index_1616I</a>
 <LI><a href="#[f0]">_Index2Color_1616I</a>
 <LI><a href="#[f1]">_GetIndexMask_1616I</a>
 <LI><a href="#[f2]">_Color2IndexBulk_1616I</a>
 <LI><a href="#[f3]">_Index2ColorBulk_1616I</a>
 <LI><a href="#[f4]">_Color2Index_822216</a>
 <LI><a href="#[f5]">_Index2Color_822216</a>
 <LI><a href="#[f6]">_GetIndexMask_822216</a>
 <LI><a href="#[f7]">_Color2Index_84444</a>
 <LI><a href="#[f9]">_GetIndexMask_84444</a>
 <LI><a href="#[f8]">_Index2Color_84444</a>
 <LI><a href="#[fc]">_GetIndexMask_8666</a>
 <LI><a href="#[ff]">_GetIndexMask_8666_1</a>
 <LI><a href="#[fd]">_Color2Index_8666_1</a>
 <LI><a href="#[fe]">_Index2Color_8666_1</a>
 <LI><a href="#[100]">_Color2Index_88666I</a>
 <LI><a href="#[101]">_Index2Color_88666I</a>
 <LI><a href="#[102]">_GetIndexMask_88666I</a>
 <LI><a href="#[103]">_Color2IndexBulk_88666I</a>
 <LI><a href="#[104]">_Index2ColorBulk_88666I</a>
 <LI><a href="#[105]">_Color2Index_M1555I</a>
 <LI><a href="#[106]">_Index2Color_M1555I</a>
 <LI><a href="#[107]">_GetIndexMask_M1555I</a>
 <LI><a href="#[108]">_Color2IndexBulk_M1555I</a>
 <LI><a href="#[109]">_Index2ColorBulk_M1555I</a>
 <LI><a href="#[10a]">_Color2Index_M4444I</a>
 <LI><a href="#[10b]">_Index2Color_M4444I</a>
 <LI><a href="#[10c]">_GetIndexMask_M4444I</a>
 <LI><a href="#[10d]">_Color2IndexBulk_M4444I</a>
 <LI><a href="#[10e]">_Index2ColorBulk_M4444I</a>
 <LI><a href="#[10f]">_Color2Index_M8888I</a>
 <LI><a href="#[110]">_GetIndexMask_M8888I</a>
 <LI><a href="#[111]">_Color2IndexBulk_M8888I</a>
 <LI><a href="#[112]">_Index2ColorBulk_M8888I</a>
 <LI><a href="#[113]">_Color2Index_565</a>
 <LI><a href="#[114]">_GetIndexMask_565</a>
 <LI><a href="#[115]">_Color2IndexBulk</a>
 <LI><a href="#[116]">_Index2ColorBulk</a>
 <LI><a href="#[117]">_Color2Index_888</a>
 <LI><a href="#[119]">_GetIndexMask_888</a>
 <LI><a href="#[11a]">_Color2IndexBulk</a>
 <LI><a href="#[11b]">_Index2ColorBulk</a>
 <LI><a href="#[11c]">_Color2Index_8888</a>
 <LI><a href="#[11e]">_GetIndexMask_8888</a>
 <LI><a href="#[11f]">_Color2IndexBulk</a>
 <LI><a href="#[120]">_Index2ColorBulk</a>
 <LI><a href="#[121]">_Color2Index_M565</a>
 <LI><a href="#[122]">_GetIndexMask_M565</a>
 <LI><a href="#[123]">_Color2IndexBulk</a>
 <LI><a href="#[124]">_Index2ColorBulk</a>
 <LI><a href="#[125]">_Color2Index_M888</a>
 <LI><a href="#[126]">_GetIndexMask_M888</a>
 <LI><a href="#[127]">_Color2IndexBulk</a>
 <LI><a href="#[128]">_Index2ColorBulk</a>
 <LI><a href="#[129]">_Color2Index_M8888</a>
 <LI><a href="#[12b]">_GetIndexMask_M8888</a>
 <LI><a href="#[12c]">_Color2IndexBulk</a>
 <LI><a href="#[12d]">_Index2ColorBulk</a>
 <LI><a href="#[12a]">_Index2Color_M8888</a>
 <LI><a href="#[1e6]">_AddFreeMemory</a>
 <LI><a href="#[1e8]">_RemoveHoles</a>
 <LI><a href="#[1e7]">_EnlargeBlocks</a>
 <LI><a href="#[1e2]">_Alloc</a>
 <LI><a href="#[22f]">_InitContext</a>
 <LI><a href="#[91]">_OnExit</a>
 <LI><a href="#[20b]">GUI_DispString.part.0</a>
 <LI><a href="#[217]">GUI_DispStringInRectWrap.part.1</a>
 <LI><a href="#[133]">_DrawBitmapA565</a>
 <LI><a href="#[132]">_DrawBitmapAM565</a>
 <LI><a href="#[131]">_DrawBitmapA555</a>
 <LI><a href="#[130]">_DrawBitmapAM555</a>
 <LI><a href="#[90]">_OnExit</a>
 <LI><a href="#[135]">_SetBkColor</a>
 <LI><a href="#[134]">_SetColor</a>
 <LI><a href="#[136]">_SetDrawMode</a>
 <LI><a href="#[137]">_DrawBitmap_RLEAlpha</a>
 <LI><a href="#[b2]">_Draw</a>
 <LI><a href="#[b3]">_DrawClip</a>
 <LI><a href="#[143]">_GetRect</a>
 <LI><a href="#[13d]">_SetPixelIndex</a>
 <LI><a href="#[13c]">_GetPixelIndex</a>
 <LI><a href="#[13e]">_XorPixel</a>
 <LI><a href="#[141]">_GetDevProp</a>
 <LI><a href="#[142]">_GetDevData</a>
 <LI><a href="#[bc]">_ReadRect</a>
 <LI><a href="#[140]">_GetDevFunc</a>
 <LI><a href="#[b7]">_SetVRAMAddr</a>
 <LI><a href="#[b8]">_SetVis</a>
 <LI><a href="#[b9]">_GetPos</a>
 <LI><a href="#[ba]">_SetPos</a>
 <LI><a href="#[bb]">_SetAlpha</a>
 <LI><a href="#[bd]">_SetVRAM_BufferPTR</a>
 <LI><a href="#[be]">_ShowBuffer</a>
 <LI><a href="#[bf]">_CopyBuffer</a>
 <LI><a href="#[c0]">_SetDevFunc</a>
 <LI><a href="#[c1]">_SetChroma</a>
 <LI><a href="#[c2]">_SetChromaMode</a>
 <LI><a href="#[c3]">_SetAlphaMode</a>
 <LI><a href="#[c4]">_Off</a>
 <LI><a href="#[c5]">_On</a>
 <LI><a href="#[c6]">_Init</a>
 <LI><a href="#[c7]">_SetSize</a>
 <LI><a href="#[c8]">_SetVSize</a>
 <LI><a href="#[13f]">_SetOrg</a>
 <LI><a href="#[13b]">_FillRect</a>
 <LI><a href="#[139]">_DrawHLine</a>
 <LI><a href="#[13a]">_DrawVLine</a>
 <LI><a href="#[138]">_DrawBitmap</a>
 <LI><a href="#[243]">GUI_MEMDEV_CopyToLCDAt.part.0</a>
 <LI><a href="#[152]">_GetDevData</a>
 <LI><a href="#[150]">_GetDevFunc</a>
 <LI><a href="#[151]">_GetDevProp</a>
 <LI><a href="#[14f]">_SetOrg</a>
 <LI><a href="#[153]">_GetRect</a>
 <LI><a href="#[148]">_DrawBitmap</a>
 <LI><a href="#[14c]">_GetPixelIndex</a>
 <LI><a href="#[14d]">_SetPixelIndex</a>
 <LI><a href="#[14e]">_XorPixel</a>
 <LI><a href="#[14b]">_FillRect</a>
 <LI><a href="#[149]">_DrawHLine</a>
 <LI><a href="#[14a]">_DrawVLine</a>
 <LI><a href="#[269]">_GetColorHQ.isra.1</a>
 <LI><a href="#[265]">_Rotate32</a>
 <LI><a href="#[a5]">_OnExit</a>
 <LI><a href="#[329]">_Findy1</a>
 <LI><a href="#[328]">_Findx0</a>
 <LI><a href="#[31b]">_Findx1</a>
 <LI><a href="#[31f]">_Paint1Trans</a>
 <LI><a href="#[31e]">_PaintTransChildren</a>
 <LI><a href="#[31a]">_Findx0.constprop.10</a>
 <LI><a href="#[31c]">_Findy1.constprop.11</a>
 <LI><a href="#[2ee]">WM__PaintWinAndOverlays</a>
 <LI><a href="#[a4]">_cbPaintMemDev</a>
 <LI><a href="#[300]">_Invalidate1Abs</a>
 <LI><a href="#[2e7]">WM_InvalidateRect.part.2</a>
 <LI><a href="#[a6]">_cbBackWin</a>
 <LI><a href="#[2ea]">WM_DeleteWindow.part.3</a>
 <LI><a href="#[2ed]">_Exec1Input</a>
 <LI><a href="#[30d]">WM_ResizeWindow.part.11</a>
 <LI><a href="#[2f2]">_GetDialogItem.part.4</a>
 <LI><a href="#[2f0]">_GetDialogItem</a>
 <LI><a href="#[155]">_MULTIBUF_End</a>
 <LI><a href="#[154]">_MULTIBUF_Begin</a>
 <LI><a href="#[d]">_OnTouchDefault</a>
 <LI><a href="#[88]">FRAMEWIN__cbClient</a>
 <LI><a href="#[96]">_GetImageSizes</a>
 <LI><a href="#[94]">_DrawBitmap</a>
 <LI><a href="#[2af]">_GetIndexFromPos</a>
 <LI><a href="#[2ae]">_GetRelRectFromIndex</a>
 <LI><a href="#[2b2]">_SetSel</a>
 <LI><a href="#[2bc]">_DoMotion</a>
 <LI><a href="#[156]">_Color2Index_16</a>
 <LI><a href="#[157]">_Index2Color_16</a>
 <LI><a href="#[158]">_GetIndexMask_16</a>
 <LI><a href="#[11]">_Log2VisBuffered</a>
 <LI><a href="#[29c]">_DispLine</a>
 <LI><a href="#[8b]">_OnExit</a>
 <LI><a href="#[159]">_Color2Index</a>
 <LI><a href="#[15a]">_Index2Color</a>
 <LI><a href="#[15b]">_GetIndexMask</a>
 <LI><a href="#[162]">_GetPixelIndex</a>
 <LI><a href="#[168]">_GetDevData</a>
 <LI><a href="#[165]">_SetOrg</a>
 <LI><a href="#[166]">_GetDevFunc</a>
 <LI><a href="#[167]">_GetDevProp</a>
 <LI><a href="#[169]">_GetRect</a>
 <LI><a href="#[8c]">_OnExit</a>
 <LI><a href="#[32c]">_ReadRectFromMemdev</a>
 <LI><a href="#[326]">_GetLine</a>
 <LI><a href="#[15c]">_Color2IndexBulk</a>
 <LI><a href="#[15d]">_Index2ColorBulk</a>
 <LI><a href="#[163]">_SetPixelIndex</a>
 <LI><a href="#[164]">_XorPixel</a>
 <LI><a href="#[15f]">_DrawHLine</a>
 <LI><a href="#[161]">_FillRect</a>
 <LI><a href="#[160]">_DrawVLine</a>
 <LI><a href="#[15e]">_DrawBitmap</a>
 <LI><a href="#[89]">_OnExit</a>
 <LI><a href="#[16a]">_GetCharCode</a>
 <LI><a href="#[16b]">_GetCharSize</a>
 <LI><a href="#[16c]">_CalcSizeOfChar</a>
 <LI><a href="#[16d]">_Encode</a>
 <LI><a href="#[14]">_GetWordWrap</a>
 <LI><a href="#[15]">_GetCharWrap</a>
 <LI><a href="#[9a]">_OnExit</a>
 <LI><a href="#[27b]">LCD_ReadRectEx</a>
 <LI><a href="#[17c]">_GetDevData</a>
 <LI><a href="#[17a]">_GetDevFunc</a>
 <LI><a href="#[179]">_SetOrg</a>
 <LI><a href="#[17d]">_GetRect</a>
 <LI><a href="#[172]">_DrawBitmap</a>
 <LI><a href="#[17b]">_GetDevProp</a>
 <LI><a href="#[176]">_GetPixelIndex</a>
 <LI><a href="#[177]">_SetPixelIndex</a>
 <LI><a href="#[178]">_XorPixel</a>
 <LI><a href="#[175]">_FillRect</a>
 <LI><a href="#[173]">_DrawHLine</a>
 <LI><a href="#[174]">_DrawVLine</a>
 <LI><a href="#[17e]">GUI_USAGE_BM_AddPixel</a>
 <LI><a href="#[182]">GUI_USAGE_BM_GetNextDirty</a>
 <LI><a href="#[181]">_GUI_USAGE_BM_Delete</a>
 <LI><a href="#[180]">GUI_USAGE_BM_Clear</a>
 <LI><a href="#[17f]">GUI_USAGE_BM_AddHLine</a>
 <LI><a href="#[26d]">_WriteToActiveAlpha</a>
 <LI><a href="#[a2]">_cbInvalidateOne</a>
 <LI><a href="#[a8]">_OnExit</a>
 <LI><a href="#[a9]">_GetMotionTagXY</a>
 <LI><a href="#[32a]">_GetConfirmation</a>
 <LI><a href="#[b4]">_Motion_ByWindow</a>
 <LI><a href="#[b5]">_GetMotionTagR</a>
 <LI><a href="#[b6]">_Motion_AutoWithinParent</a>
 <LI><a href="#[332]">_ProcessMotion</a>
 <LI><a href="#[308]">_GetphCrit</a>
 <LI><a href="#[320]">_AimDestination</a>
 <LI><a href="#[331]">_StopMotionOnHit</a>
 <LI><a href="#[32e]">_MoveToNearestSnapPosition</a>
 <LI><a href="#[cb]">_cbTimer</a>
 <LI><a href="#[a7]">_cbMotion</a>
 <LI><a href="#[30a]">_MoveDescendents</a>
 <LI><a href="#[a3]">_cbTimer</a>
 <LI><a href="#[ac]">_OnExit</a>
 <LI><a href="#[18]">_Create</a>
 <LI><a href="#[17]">_Paint</a>
 <LI><a href="#[1b]">_GetBorderSize</a>
 <LI><a href="#[1a]">_Create</a>
 <LI><a href="#[19]">_Paint</a>
 <LI><a href="#[184]">_DrawUpRect</a>
 <LI><a href="#[187]">_DrawFlat</a>
 <LI><a href="#[186]">_DrawDownRect</a>
 <LI><a href="#[185]">_DrawDown</a>
 <LI><a href="#[183]">_DrawUp</a>
 <LI><a href="#[18a]">_GetIndexMask_0</a>
 <LI><a href="#[189]">_Index2Color_0</a>
 <LI><a href="#[188]">_Color2Index_0</a>
 <LI><a href="#[18b]">LCD_Color2Index_1</a>
 <LI><a href="#[18c]">_Index2Color_1</a>
 <LI><a href="#[18d]">_GetIndexMask_1</a>
 <LI><a href="#[8f]">_OnExit</a>
 <LI><a href="#[28a]">_Link</a>
 <LI><a href="#[311]">_Screen2hWin</a>
 <LI><a href="#[191]">_DrawDownRect</a>
 <LI><a href="#[18e]">_DrawUp</a>
 <LI><a href="#[18f]">_DrawUpRect</a>
 <LI><a href="#[190]">_DrawDown</a>
 <LI><a href="#[27d]">_CreateBuffer.isra.4</a>
 <LI><a href="#[27f]">_SetBkIndexBuffered</a>
 <LI><a href="#[280]">_ReleaseBuffer.isra.7</a>
 <LI><a href="#[1e]">_Create</a>
 <LI><a href="#[ad]">_CalcPositions</a>
 <LI><a href="#[1d]">_Paint</a>
 <LI><a href="#[9c]">_DrawGraspH</a>
 <LI><a href="#[9e]">_DrawGraspV</a>
 <LI><a href="#[324]">_DrawFrame</a>
 <LI><a href="#[9d]">_DrawBackgroundH</a>
 <LI><a href="#[9f]">_DrawBackgroundV</a>
</UL>
</UL>
<P>
<H3>
Mutually Recursive functions
</H3> <LI><a href="#[3b]">ADC_IRQHandler</a>&nbsp;&nbsp;&nbsp;&rArr;&nbsp;&nbsp;&nbsp;<a href="#[3b]">ADC_IRQHandler</a><BR>
 <LI><a href="#[1bf]">WM__SendMessage</a>&nbsp;&nbsp;&nbsp;&rArr;&nbsp;&nbsp;&nbsp;<a href="#[19c]">WM_DefaultProc</a><BR>
 <LI><a href="#[2ec]">WM__InvalidateRect</a>&nbsp;&nbsp;&nbsp;&rArr;&nbsp;&nbsp;&nbsp;<a href="#[2ec]">WM__InvalidateRect</a><BR>
 <LI><a href="#[303]">WM_InvalidateWindowAndDescsEx</a>&nbsp;&nbsp;&nbsp;&rArr;&nbsp;&nbsp;&nbsp;<a href="#[303]">WM_InvalidateWindowAndDescsEx</a><BR>
 <LI><a href="#[301]">WM__InvalidateDrawAndDescs</a>&nbsp;&nbsp;&nbsp;&rArr;&nbsp;&nbsp;&nbsp;<a href="#[301]">WM__InvalidateDrawAndDescs</a><BR>
 <LI><a href="#[2ef]">WM__ForEachDesc</a>&nbsp;&nbsp;&nbsp;&rArr;&nbsp;&nbsp;&nbsp;<a href="#[2ef]">WM__ForEachDesc</a><BR>
 <LI><a href="#[30d]">WM_ResizeWindow.part.11</a>&nbsp;&nbsp;&nbsp;&rArr;&nbsp;&nbsp;&nbsp;<a href="#[2dd]">WM__UpdateChildPositions</a><BR>
 <LI><a href="#[30a]">_MoveDescendents</a>&nbsp;&nbsp;&nbsp;&rArr;&nbsp;&nbsp;&nbsp;<a href="#[30a]">_MoveDescendents</a><BR>
 <LI><a href="#[1e7]">_EnlargeBlocks</a>&nbsp;&nbsp;&nbsp;&rArr;&nbsp;&nbsp;&nbsp;<a href="#[1e2]">_Alloc</a><BR>
 <LI><a href="#[329]">_Findy1</a>&nbsp;&nbsp;&nbsp;&rArr;&nbsp;&nbsp;&nbsp;<a href="#[329]">_Findy1</a><BR>
 <LI><a href="#[328]">_Findx0</a>&nbsp;&nbsp;&nbsp;&rArr;&nbsp;&nbsp;&nbsp;<a href="#[328]">_Findx0</a><BR>
 <LI><a href="#[31b]">_Findx1</a>&nbsp;&nbsp;&nbsp;&rArr;&nbsp;&nbsp;&nbsp;<a href="#[31b]">_Findx1</a><BR>
 <LI><a href="#[2f2]">_GetDialogItem.part.4</a>&nbsp;&nbsp;&nbsp;&rArr;&nbsp;&nbsp;&nbsp;<a href="#[2f2]">_GetDialogItem.part.4</a><BR>
 <LI><a href="#[311]">_Screen2hWin</a>&nbsp;&nbsp;&nbsp;&rArr;&nbsp;&nbsp;&nbsp;<a href="#[311]">_Screen2hWin</a><BR>
 <LI><a href="#[23]">BusFault_Handler</a>&nbsp;&nbsp;&nbsp;&rArr;&nbsp;&nbsp;&nbsp;<a href="#[23]">BusFault_Handler</a><BR>
 <LI><a href="#[21]">HardFault_Handler</a>&nbsp;&nbsp;&nbsp;&rArr;&nbsp;&nbsp;&nbsp;<a href="#[21]">HardFault_Handler</a><BR>
 <LI><a href="#[22]">MemManage_Handler</a>&nbsp;&nbsp;&nbsp;&rArr;&nbsp;&nbsp;&nbsp;<a href="#[22]">MemManage_Handler</a><BR>
 <LI><a href="#[2ea]">WM_DeleteWindow.part.3</a>&nbsp;&nbsp;&nbsp;&rArr;&nbsp;&nbsp;&nbsp;<a href="#[2ea]">WM_DeleteWindow.part.3</a><BR>
 <LI><a href="#[31e]">_PaintTransChildren</a>&nbsp;&nbsp;&nbsp;&rArr;&nbsp;&nbsp;&nbsp;<a href="#[31e]">_PaintTransChildren</a><BR>
 <LI><a href="#[302]">WM_InvalidateWindowAndDescs</a>&nbsp;&nbsp;&nbsp;&rArr;&nbsp;&nbsp;&nbsp;<a href="#[302]">WM_InvalidateWindowAndDescs</a><BR>
 <LI><a href="#[24]">UsageFault_Handler</a>&nbsp;&nbsp;&nbsp;&rArr;&nbsp;&nbsp;&nbsp;<a href="#[24]">UsageFault_Handler</a><BR>
</UL>
<P>
<H3>
Function Pointers
</H3><UL>
 <LI><a href="#[3b]">ADC_IRQHandler</a> from startup_stm32f429xx.o(.text) referenced from startup_stm32f429xx.o(RESET)
 <LI><a href="#[86]">BUTTON_Callback</a> from BUTTON.o(.text.BUTTON_Callback) referenced from BUTTON.o(.text.BUTTON_CreateIndirect)
 <LI><a href="#[ed]">BUTTON_CreateIndirect</a> from BUTTON.o(.text.BUTTON_CreateIndirect) referenced 2 times from clock_configdlg.o(.constdata)
 <LI><a href="#[e]">BUTTON_DrawSkinFlex</a> from BUTTON_SkinFlex.o(.text.BUTTON_DrawSkinFlex) referenced 2 times from BUTTON.o(.data)
 <LI><a href="#[23]">BusFault_Handler</a> from stm32f4xx_it.o(i.BusFault_Handler) referenced from startup_stm32f429xx.o(RESET)
 <LI><a href="#[3d]">CAN1_RX0_IRQHandler</a> from startup_stm32f429xx.o(.text) referenced from startup_stm32f429xx.o(RESET)
 <LI><a href="#[3e]">CAN1_RX1_IRQHandler</a> from startup_stm32f429xx.o(.text) referenced from startup_stm32f429xx.o(RESET)
 <LI><a href="#[3f]">CAN1_SCE_IRQHandler</a> from startup_stm32f429xx.o(.text) referenced from startup_stm32f429xx.o(RESET)
 <LI><a href="#[3c]">CAN1_TX_IRQHandler</a> from startup_stm32f429xx.o(.text) referenced from startup_stm32f429xx.o(RESET)
 <LI><a href="#[69]">CAN2_RX0_IRQHandler</a> from startup_stm32f429xx.o(.text) referenced from startup_stm32f429xx.o(RESET)
 <LI><a href="#[6a]">CAN2_RX1_IRQHandler</a> from startup_stm32f429xx.o(.text) referenced from startup_stm32f429xx.o(RESET)
 <LI><a href="#[6b]">CAN2_SCE_IRQHandler</a> from startup_stm32f429xx.o(.text) referenced from startup_stm32f429xx.o(RESET)
 <LI><a href="#[68]">CAN2_TX_IRQHandler</a> from startup_stm32f429xx.o(.text) referenced from startup_stm32f429xx.o(RESET)
 <LI><a href="#[77]">DCMI_IRQHandler</a> from startup_stm32f429xx.o(.text) referenced from startup_stm32f429xx.o(RESET)
 <LI><a href="#[34]">DMA1_Stream0_IRQHandler</a> from startup_stm32f429xx.o(.text) referenced from startup_stm32f429xx.o(RESET)
 <LI><a href="#[35]">DMA1_Stream1_IRQHandler</a> from startup_stm32f429xx.o(.text) referenced from startup_stm32f429xx.o(RESET)
 <LI><a href="#[36]">DMA1_Stream2_IRQHandler</a> from startup_stm32f429xx.o(.text) referenced from startup_stm32f429xx.o(RESET)
 <LI><a href="#[37]">DMA1_Stream3_IRQHandler</a> from startup_stm32f429xx.o(.text) referenced from startup_stm32f429xx.o(RESET)
 <LI><a href="#[38]">DMA1_Stream4_IRQHandler</a> from startup_stm32f429xx.o(.text) referenced from startup_stm32f429xx.o(RESET)
 <LI><a href="#[39]">DMA1_Stream5_IRQHandler</a> from startup_stm32f429xx.o(.text) referenced from startup_stm32f429xx.o(RESET)
 <LI><a href="#[3a]">DMA1_Stream6_IRQHandler</a> from startup_stm32f429xx.o(.text) referenced from startup_stm32f429xx.o(RESET)
 <LI><a href="#[58]">DMA1_Stream7_IRQHandler</a> from startup_stm32f429xx.o(.text) referenced from startup_stm32f429xx.o(RESET)
 <LI><a href="#[82]">DMA2D_IRQHandler</a> from stm32f4xx_it.o(i.DMA2D_IRQHandler) referenced from startup_stm32f429xx.o(RESET)
 <LI><a href="#[61]">DMA2_Stream0_IRQHandler</a> from startup_stm32f429xx.o(.text) referenced from startup_stm32f429xx.o(RESET)
 <LI><a href="#[62]">DMA2_Stream1_IRQHandler</a> from startup_stm32f429xx.o(.text) referenced from startup_stm32f429xx.o(RESET)
 <LI><a href="#[63]">DMA2_Stream2_IRQHandler</a> from startup_stm32f429xx.o(.text) referenced from startup_stm32f429xx.o(RESET)
 <LI><a href="#[64]">DMA2_Stream3_IRQHandler</a> from startup_stm32f429xx.o(.text) referenced from startup_stm32f429xx.o(RESET)
 <LI><a href="#[65]">DMA2_Stream4_IRQHandler</a> from startup_stm32f429xx.o(.text) referenced from startup_stm32f429xx.o(RESET)
 <LI><a href="#[6d]">DMA2_Stream5_IRQHandler</a> from startup_stm32f429xx.o(.text) referenced from startup_stm32f429xx.o(RESET)
 <LI><a href="#[6e]">DMA2_Stream6_IRQHandler</a> from startup_stm32f429xx.o(.text) referenced from startup_stm32f429xx.o(RESET)
 <LI><a href="#[6f]">DMA2_Stream7_IRQHandler</a> from startup_stm32f429xx.o(.text) referenced from startup_stm32f429xx.o(RESET)
 <LI><a href="#[26]">DebugMon_Handler</a> from stm32f4xx_it.o(i.DebugMon_Handler) referenced from startup_stm32f429xx.o(RESET)
 <LI><a href="#[66]">ETH_IRQHandler</a> from startup_stm32f429xx.o(.text) referenced from startup_stm32f429xx.o(RESET)
 <LI><a href="#[67]">ETH_WKUP_IRQHandler</a> from startup_stm32f429xx.o(.text) referenced from startup_stm32f429xx.o(RESET)
 <LI><a href="#[2f]">EXTI0_IRQHandler</a> from startup_stm32f429xx.o(.text) referenced from startup_stm32f429xx.o(RESET)
 <LI><a href="#[51]">EXTI15_10_IRQHandler</a> from startup_stm32f429xx.o(.text) referenced from startup_stm32f429xx.o(RESET)
 <LI><a href="#[30]">EXTI1_IRQHandler</a> from startup_stm32f429xx.o(.text) referenced from startup_stm32f429xx.o(RESET)
 <LI><a href="#[31]">EXTI2_IRQHandler</a> from startup_stm32f429xx.o(.text) referenced from startup_stm32f429xx.o(RESET)
 <LI><a href="#[32]">EXTI3_IRQHandler</a> from startup_stm32f429xx.o(.text) referenced from startup_stm32f429xx.o(RESET)
 <LI><a href="#[33]">EXTI4_IRQHandler</a> from startup_stm32f429xx.o(.text) referenced from startup_stm32f429xx.o(RESET)
 <LI><a href="#[40]">EXTI9_5_IRQHandler</a> from startup_stm32f429xx.o(.text) referenced from startup_stm32f429xx.o(RESET)
 <LI><a href="#[2d]">FLASH_IRQHandler</a> from startup_stm32f429xx.o(.text) referenced from startup_stm32f429xx.o(RESET)
 <LI><a href="#[59]">FMC_IRQHandler</a> from startup_stm32f429xx.o(.text) referenced from startup_stm32f429xx.o(RESET)
 <LI><a href="#[79]">FPU_IRQHandler</a> from startup_stm32f429xx.o(.text) referenced from startup_stm32f429xx.o(RESET)
 <LI><a href="#[87]">FRAMEWIN_Callback</a> from FRAMEWIN.o(.text.FRAMEWIN_Callback) referenced from FRAMEWIN.o(.text.FRAMEWIN_CreateIndirect)
 <LI><a href="#[eb]">FRAMEWIN_CreateIndirect</a> from FRAMEWIN.o(.text.FRAMEWIN_CreateIndirect) referenced 3 times from clock_configdlg.o(.constdata)
 <LI><a href="#[10]">FRAMEWIN_DrawSkinFlex</a> from FRAMEWIN_SkinFlex.o(.text.FRAMEWIN_DrawSkinFlex) referenced 4 times from FRAMEWIN.o(.data)
 <LI><a href="#[f]">FRAMEWIN__GetBorderSize</a> from FRAMEWIN.o(.text.FRAMEWIN__GetBorderSize) referenced 2 times from FRAMEWIN.o(.data)
 <LI><a href="#[88]">FRAMEWIN__cbClient</a> from FRAMEWIN.o(.text.FRAMEWIN__cbClient) referenced from FRAMEWIN.o(.text.FRAMEWIN_CreateIndirect)
 <LI><a href="#[144]">GUIMONO_DispChar</a> from GUI_CharM.o(.text.GUIMONO_DispChar) referenced 2 times from F6x8.o(.rodata)
 <LI><a href="#[145]">GUIMONO_GetCharDistX</a> from GUI_CharM.o(.text.GUIMONO_GetCharDistX) referenced 2 times from F6x8.o(.rodata)
 <LI><a href="#[146]">GUIMONO_GetFontInfo</a> from GUI_CharM.o(.text.GUIMONO_GetFontInfo) referenced 2 times from F6x8.o(.rodata)
 <LI><a href="#[147]">GUIMONO_IsInFont</a> from GUI_CharM.o(.text.GUIMONO_IsInFont) referenced 2 times from F6x8.o(.rodata)
 <LI><a href="#[16e]">GUIPROP_DispChar</a> from GUI_CharP.o(.text.GUIPROP_DispChar) referenced 2 times from F13_1.o(.rodata)
 <LI><a href="#[16f]">GUIPROP_GetCharDistX</a> from GUI_CharP.o(.text.GUIPROP_GetCharDistX) referenced 2 times from F13_1.o(.rodata)
 <LI><a href="#[170]">GUIPROP_GetFontInfo</a> from GUI_CharP.o(.text.GUIPROP_GetFontInfo) referenced 2 times from F13_1.o(.rodata)
 <LI><a href="#[171]">GUIPROP_IsInFont</a> from GUI_CharP.o(.text.GUIPROP_IsInFont) referenced 2 times from F13_1.o(.rodata)
 <LI><a href="#[a1]">GUI_DrawGradientH</a> from GUI_DrawGradient.o(.text.GUI_DrawGradientH) referenced from SCROLLBAR_SkinFlex.o(.text.SCROLLBAR_DrawSkinFlex)
 <LI><a href="#[a0]">GUI_DrawGradientV</a> from GUI_DrawGradient.o(.text.GUI_DrawGradientV) referenced from SCROLLBAR_SkinFlex.o(.text.SCROLLBAR_DrawSkinFlex)
 <LI><a href="#[ab]">GUI_MEMDEV_Paint1Static</a> from GUIDEV_StaticDevices.o(.text.GUI_MEMDEV_Paint1Static) referenced from WM.o(.text.WM__PaintWinAndOverlays)
 <LI><a href="#[ab]">GUI_MEMDEV_Paint1Static</a> from GUIDEV_StaticDevices.o(.text.GUI_MEMDEV_Paint1Static) referenced from WM.o(.text._Paint1Trans)
 <LI><a href="#[c9]">GUI_MEMDEV__WriteToActiveAlpha</a> from GUIDEV_WriteToActiveAlpha.o(.text.GUI_MEMDEV__WriteToActiveAlpha) referenced from GUIDEV_32.o(.text._GetDevFunc)
 <LI><a href="#[ca]">GUI_MEMDEV__WriteToActiveOpaque</a> from GUIDEV_WriteToActiveOpaque.o(.text.GUI_MEMDEV__WriteToActiveOpaque) referenced from GUIDEV_16.o(.text._GetDevFunc)
 <LI><a href="#[8d]">GUI_SetAlpha</a> from GUI_SetAlpha.o(.text.GUI_SetAlpha) referenced from GUI_SetAlpha.o(.text.GUI_SetAlpha)
 <LI><a href="#[8e]">GUI_TIMER_Exec</a> from GUI_Timer.o(.text.GUI_TIMER_Exec) referenced from GUI_Timer.o(.text.GUI_TIMER_Create)
 <LI><a href="#[17f]">GUI_USAGE_BM_AddHLine</a> from GUIDEV_UsageBM.o(.text.GUI_USAGE_BM_AddHLine) referenced from GUIDEV_UsageBM.o(.rodata)
 <LI><a href="#[17e]">GUI_USAGE_BM_AddPixel</a> from GUIDEV_UsageBM.o(.text.GUI_USAGE_BM_AddPixel) referenced from GUIDEV_UsageBM.o(.rodata)
 <LI><a href="#[180]">GUI_USAGE_BM_Clear</a> from GUIDEV_UsageBM.o(.text.GUI_USAGE_BM_Clear) referenced from GUIDEV_UsageBM.o(.rodata)
 <LI><a href="#[182]">GUI_USAGE_BM_GetNextDirty</a> from GUIDEV_UsageBM.o(.text.GUI_USAGE_BM_GetNextDirty) referenced from GUIDEV_UsageBM.o(.rodata)
 <LI><a href="#[b]">GUI__MixColors</a> from GUI__Alpha.o(.text.GUI__MixColors) referenced 2 times from GUI__Alpha.o(.data)
 <LI><a href="#[c]">GUI__MixColorsBulk</a> from GUI__Alpha.o(.text.GUI__MixColorsBulk) referenced 2 times from GUI__Alpha.o(.data)
 <LI><a href="#[78]">HASH_RNG_IRQHandler</a> from startup_stm32f429xx.o(.text) referenced from startup_stm32f429xx.o(RESET)
 <LI><a href="#[21]">HardFault_Handler</a> from stm32f4xx_it.o(i.HardFault_Handler) referenced from startup_stm32f429xx.o(RESET)
 <LI><a href="#[49]">I2C1_ER_IRQHandler</a> from startup_stm32f429xx.o(.text) referenced from startup_stm32f429xx.o(RESET)
 <LI><a href="#[48]">I2C1_EV_IRQHandler</a> from startup_stm32f429xx.o(.text) referenced from startup_stm32f429xx.o(RESET)
 <LI><a href="#[4b]">I2C2_ER_IRQHandler</a> from startup_stm32f429xx.o(.text) referenced from startup_stm32f429xx.o(RESET)
 <LI><a href="#[4a]">I2C2_EV_IRQHandler</a> from startup_stm32f429xx.o(.text) referenced from startup_stm32f429xx.o(RESET)
 <LI><a href="#[72]">I2C3_ER_IRQHandler</a> from startup_stm32f429xx.o(.text) referenced from startup_stm32f429xx.o(RESET)
 <LI><a href="#[71]">I2C3_EV_IRQHandler</a> from startup_stm32f429xx.o(.text) referenced from startup_stm32f429xx.o(RESET)
 <LI><a href="#[97]">ICONVIEW_Callback</a> from ICONVIEW.o(.text.ICONVIEW_Callback) referenced from ICONVIEW.o(.text.ICONVIEW_CreateIndirect)
 <LI><a href="#[ee]">ICONVIEW_CreateIndirect</a> from ICONVIEW.o(.text.ICONVIEW_CreateIndirect) referenced 2 times from menudlg.o(.constdata)
 <LI><a href="#[98]">ICONVIEW_OwnerDraw</a> from ICONVIEW.o(.text.ICONVIEW_OwnerDraw) referenced from ICONVIEW.o(.text.ICONVIEW_CreateIndirect)
 <LI><a href="#[98]">ICONVIEW_OwnerDraw</a> from ICONVIEW.o(.text.ICONVIEW_OwnerDraw) referenced from ICONVIEW.o(.text.ICONVIEW_SetOwnerDraw)
 <LI><a href="#[95]">ICONVIEW__DrawText</a> from ICONVIEW.o(.text.ICONVIEW__DrawText) referenced from ICONVIEW.o(.text.ICONVIEW_AddBitmapItem)
 <LI><a href="#[99]">KNOB_Callback</a> from KNOB.o(.text.KNOB_Callback) referenced from KNOB.o(.text.KNOB_CreateIndirect)
 <LI><a href="#[ec]">KNOB_CreateIndirect</a> from KNOB.o(.text.KNOB_CreateIndirect) referenced from clock_configdlg.o(.constdata)
 <LI><a href="#[16]">LCD_AA_MixColors16</a> from LCD_AA.o(.text.LCD_AA_MixColors16) referenced 2 times from LCD_AA.o(.data)
 <LI><a href="#[18b]">LCD_Color2Index_1</a> from GUICC_1.o(.text.LCD_Color2Index_1) referenced from GUICC_1.o(.rodata)
 <LI><a href="#[fa]">LCD_Color2Index_8666</a> from GUICC_8666.o(.text.LCD_Color2Index_8666) referenced from GUICC_8666.o(.rodata)
 <LI><a href="#[12e]">LCD_DrawHLine</a> from LCD.o(.text.LCD_DrawHLine) referenced from GUI_Core.o(.rodata)
 <LI><a href="#[12f]">LCD_DrawPixel</a> from LCD.o(.text.LCD_DrawPixel) referenced from GUI_Core.o(.rodata)
 <LI><a href="#[a]">LCD_GetpPalConvTableBM</a> from LCD_Color.o(.text.LCD_GetpPalConvTableBM) referenced 2 times from GUI_Core.o(.data)
 <LI><a href="#[ae]">LCD_Index2Color_555</a> from GUICC_555_Index2Color.o(.text.LCD_Index2Color_555) referenced from GUI_DrawBitmap_A16.o(.rodata)
 <LI><a href="#[ae]">LCD_Index2Color_555</a> from GUICC_555_Index2Color.o(.text.LCD_Index2Color_555) referenced from GUI_DrawBitmap_A16.o(.text._DrawBitmapA555)
 <LI><a href="#[af]">LCD_Index2Color_565</a> from GUICC_565.o(.text.LCD_Index2Color_565) referenced 2 times from GUICC_565.o(.rodata)
 <LI><a href="#[af]">LCD_Index2Color_565</a> from GUICC_565.o(.text.LCD_Index2Color_565) referenced from GUI_DrawBitmap_A16.o(.text._DrawBitmapA565)
 <LI><a href="#[fb]">LCD_Index2Color_8666</a> from GUICC_8666.o(.text.LCD_Index2Color_8666) referenced from GUICC_8666.o(.rodata)
 <LI><a href="#[118]">LCD_Index2Color_888</a> from GUICC_888_Index2Color.o(.text.LCD_Index2Color_888) referenced from GUICC_888.o(.rodata)
 <LI><a href="#[11d]">LCD_Index2Color_8888</a> from GUICC_8888_Index2Color.o(.text.LCD_Index2Color_8888) referenced from GUICC_8888.o(.rodata)
 <LI><a href="#[b0]">LCD_Index2Color_M555</a> from GUICC_M555_Index2Color.o(.text.LCD_Index2Color_M555) referenced from GUI_DrawBitmap_A16.o(.rodata)
 <LI><a href="#[b0]">LCD_Index2Color_M555</a> from GUICC_M555_Index2Color.o(.text.LCD_Index2Color_M555) referenced from GUI_DrawBitmap_A16.o(.text._DrawBitmapAM555)
 <LI><a href="#[b1]">LCD_Index2Color_M565</a> from GUICC_M565.o(.text.LCD_Index2Color_M565) referenced 2 times from GUICC_M565.o(.rodata)
 <LI><a href="#[b1]">LCD_Index2Color_M565</a> from GUICC_M565.o(.text.LCD_Index2Color_M565) referenced from GUI_DrawBitmap_A16.o(.text._DrawBitmapAM565)
 <LI><a href="#[93]">LCD_Index2Color_M888</a> from GUICC_M888_Index2Color.o(.text.LCD_Index2Color_M888) referenced from GUICC_M888.o(.rodata)
 <LI><a href="#[93]">LCD_Index2Color_M888</a> from GUICC_M888_Index2Color.o(.text.LCD_Index2Color_M888) referenced from GUI__Alpha.o(.text.GUI__DoAlphaBlending)
 <LI><a href="#[92]">LCD_Index2Color_M8888I</a> from GUICC_M8888I_Index2Color.o(.text.LCD_Index2Color_M8888I) referenced from GUICC_M8888I.o(.rodata)
 <LI><a href="#[92]">LCD_Index2Color_M8888I</a> from GUICC_M8888I_Index2Color.o(.text.LCD_Index2Color_M8888I) referenced from GUI__Alpha.o(.text.GUI__DoAlphaBlending)
 <LI><a href="#[92]">LCD_Index2Color_M8888I</a> from GUICC_M8888I_Index2Color.o(.text.LCD_Index2Color_M8888I) referenced from LCD_RLEAlpha.o(.text._Draw)
 <LI><a href="#[92]">LCD_Index2Color_M8888I</a> from GUICC_M8888I_Index2Color.o(.text.LCD_Index2Color_M8888I) referenced from GUIDEV_WriteToActiveAlpha.o(.text._WriteToActiveAlpha)
 <LI><a href="#[d5]">LCD_LL_CopyBuffer</a> from stemwin_wrapper.o(i.LCD_LL_CopyBuffer) referenced from stemwin_wrapper.o(i.LCD_X_Config)
 <LI><a href="#[d6]">LCD_LL_CopyRect</a> from stemwin_wrapper.o(i.LCD_LL_CopyRect) referenced from stemwin_wrapper.o(i.LCD_X_Config)
 <LI><a href="#[d8]">LCD_LL_DrawBitmap16bpp</a> from stemwin_wrapper.o(i.LCD_LL_DrawBitmap16bpp) referenced from stemwin_wrapper.o(i.LCD_X_Config)
 <LI><a href="#[d9]">LCD_LL_DrawBitmap32bpp</a> from stemwin_wrapper.o(i.LCD_LL_DrawBitmap32bpp) referenced from stemwin_wrapper.o(i.LCD_X_Config)
 <LI><a href="#[d7]">LCD_LL_DrawBitmap8bpp</a> from stemwin_wrapper.o(i.LCD_LL_DrawBitmap8bpp) referenced from stemwin_wrapper.o(i.LCD_X_Config)
 <LI><a href="#[d4]">LCD_LL_FillRect</a> from stemwin_wrapper.o(i.LCD_LL_FillRect) referenced from stemwin_wrapper.o(i.LCD_LL_FillRect)
 <LI><a href="#[d4]">LCD_LL_FillRect</a> from stemwin_wrapper.o(i.LCD_LL_FillRect) referenced from stemwin_wrapper.o(i.LCD_X_Config)
 <LI><a href="#[81]">LTDC_ER_IRQHandler</a> from startup_stm32f429xx.o(.text) referenced from startup_stm32f429xx.o(RESET)
 <LI><a href="#[80]">LTDC_IRQHandler</a> from stm32f4xx_it.o(i.LTDC_IRQHandler) referenced from startup_stm32f429xx.o(RESET)
 <LI><a href="#[22]">MemManage_Handler</a> from stm32f4xx_it.o(i.MemManage_Handler) referenced from startup_stm32f429xx.o(RESET)
 <LI><a href="#[20]">NMI_Handler</a> from stm32f4xx_it.o(i.NMI_Handler) referenced from startup_stm32f429xx.o(RESET)
 <LI><a href="#[6c]">OTG_FS_IRQHandler</a> from startup_stm32f429xx.o(.text) referenced from startup_stm32f429xx.o(RESET)
 <LI><a href="#[53]">OTG_FS_WKUP_IRQHandler</a> from startup_stm32f429xx.o(.text) referenced from startup_stm32f429xx.o(RESET)
 <LI><a href="#[74]">OTG_HS_EP1_IN_IRQHandler</a> from startup_stm32f429xx.o(.text) referenced from startup_stm32f429xx.o(RESET)
 <LI><a href="#[73]">OTG_HS_EP1_OUT_IRQHandler</a> from startup_stm32f429xx.o(.text) referenced from startup_stm32f429xx.o(RESET)
 <LI><a href="#[76]">OTG_HS_IRQHandler</a> from startup_stm32f429xx.o(.text) referenced from startup_stm32f429xx.o(RESET)
 <LI><a href="#[75]">OTG_HS_WKUP_IRQHandler</a> from startup_stm32f429xx.o(.text) referenced from startup_stm32f429xx.o(RESET)
 <LI><a href="#[2a]">PVD_IRQHandler</a> from startup_stm32f429xx.o(.text) referenced from startup_stm32f429xx.o(RESET)
 <LI><a href="#[27]">PendSV_Handler</a> from port.o(.emb_text) referenced from startup_stm32f429xx.o(RESET)
 <LI><a href="#[2e]">RCC_IRQHandler</a> from startup_stm32f429xx.o(.text) referenced from startup_stm32f429xx.o(RESET)
 <LI><a href="#[52]">RTC_Alarm_IRQHandler</a> from startup_stm32f429xx.o(.text) referenced from startup_stm32f429xx.o(RESET)
 <LI><a href="#[2c]">RTC_WKUP_IRQHandler</a> from startup_stm32f429xx.o(.text) referenced from startup_stm32f429xx.o(RESET)
 <LI><a href="#[1f]">Reset_Handler</a> from startup_stm32f429xx.o(.text) referenced from startup_stm32f429xx.o(RESET)
 <LI><a href="#[7f]">SAI1_IRQHandler</a> from startup_stm32f429xx.o(.text) referenced from startup_stm32f429xx.o(RESET)
 <LI><a href="#[9b]">SCROLLBAR_Callback</a> from SCROLLBAR.o(.text.SCROLLBAR_Callback) referenced from SCROLLBAR.o(.text.SCROLLBAR_CreateAttached)
 <LI><a href="#[1c]">SCROLLBAR_DrawSkinFlex</a> from SCROLLBAR_SkinFlex.o(.text.SCROLLBAR_DrawSkinFlex) referenced 2 times from SCROLLBAR.o(.data)
 <LI><a href="#[5a]">SDIO_IRQHandler</a> from startup_stm32f429xx.o(.text) referenced from startup_stm32f429xx.o(RESET)
 <LI><a href="#[4c]">SPI1_IRQHandler</a> from startup_stm32f429xx.o(.text) referenced from startup_stm32f429xx.o(RESET)
 <LI><a href="#[4d]">SPI2_IRQHandler</a> from startup_stm32f429xx.o(.text) referenced from startup_stm32f429xx.o(RESET)
 <LI><a href="#[5c]">SPI3_IRQHandler</a> from startup_stm32f429xx.o(.text) referenced from startup_stm32f429xx.o(RESET)
 <LI><a href="#[7c]">SPI4_IRQHandler</a> from startup_stm32f429xx.o(.text) referenced from startup_stm32f429xx.o(RESET)
 <LI><a href="#[7d]">SPI5_IRQHandler</a> from startup_stm32f429xx.o(.text) referenced from startup_stm32f429xx.o(RESET)
 <LI><a href="#[7e]">SPI6_IRQHandler</a> from startup_stm32f429xx.o(.text) referenced from startup_stm32f429xx.o(RESET)
 <LI><a href="#[25]">SVC_Handler</a> from port.o(.emb_text) referenced from startup_stm32f429xx.o(RESET)
 <LI><a href="#[e8]">StartDefaultTask</a> from freertos.o(i.StartDefaultTask) referenced from freertos.o(.constdata)
 <LI><a href="#[e9]">StartTask02</a> from freertos.o(i.StartTask02) referenced from freertos.o(.constdata)
 <LI><a href="#[ea]">StartTask03</a> from freertos.o(i.StartTask03) referenced from freertos.o(.constdata)
 <LI><a href="#[28]">SysTick_Handler</a> from port.o(i.SysTick_Handler) referenced from startup_stm32f429xx.o(RESET)
 <LI><a href="#[84]">SystemInit</a> from system_stm32f4xx.o(i.SystemInit) referenced from startup_stm32f429xx.o(.text)
 <LI><a href="#[2b]">TAMP_STAMP_IRQHandler</a> from startup_stm32f429xx.o(.text) referenced from startup_stm32f429xx.o(RESET)
 <LI><a href="#[41]">TIM1_BRK_TIM9_IRQHandler</a> from startup_stm32f429xx.o(.text) referenced from startup_stm32f429xx.o(RESET)
 <LI><a href="#[44]">TIM1_CC_IRQHandler</a> from startup_stm32f429xx.o(.text) referenced from startup_stm32f429xx.o(RESET)
 <LI><a href="#[43]">TIM1_TRG_COM_TIM11_IRQHandler</a> from startup_stm32f429xx.o(.text) referenced from startup_stm32f429xx.o(RESET)
 <LI><a href="#[42]">TIM1_UP_TIM10_IRQHandler</a> from startup_stm32f429xx.o(.text) referenced from startup_stm32f429xx.o(RESET)
 <LI><a href="#[45]">TIM2_IRQHandler</a> from startup_stm32f429xx.o(.text) referenced from startup_stm32f429xx.o(RESET)
 <LI><a href="#[46]">TIM3_IRQHandler</a> from startup_stm32f429xx.o(.text) referenced from startup_stm32f429xx.o(RESET)
 <LI><a href="#[47]">TIM4_IRQHandler</a> from startup_stm32f429xx.o(.text) referenced from startup_stm32f429xx.o(RESET)
 <LI><a href="#[5b]">TIM5_IRQHandler</a> from startup_stm32f429xx.o(.text) referenced from startup_stm32f429xx.o(RESET)
 <LI><a href="#[5f]">TIM6_DAC_IRQHandler</a> from stm32f4xx_it.o(i.TIM6_DAC_IRQHandler) referenced from startup_stm32f429xx.o(RESET)
 <LI><a href="#[60]">TIM7_IRQHandler</a> from startup_stm32f429xx.o(.text) referenced from startup_stm32f429xx.o(RESET)
 <LI><a href="#[54]">TIM8_BRK_TIM12_IRQHandler</a> from startup_stm32f429xx.o(.text) referenced from startup_stm32f429xx.o(RESET)
 <LI><a href="#[57]">TIM8_CC_IRQHandler</a> from startup_stm32f429xx.o(.text) referenced from startup_stm32f429xx.o(RESET)
 <LI><a href="#[56]">TIM8_TRG_COM_TIM14_IRQHandler</a> from startup_stm32f429xx.o(.text) referenced from startup_stm32f429xx.o(RESET)
 <LI><a href="#[55]">TIM8_UP_TIM13_IRQHandler</a> from startup_stm32f429xx.o(.text) referenced from startup_stm32f429xx.o(RESET)
 <LI><a href="#[d3]">TransferComplete</a> from stemwin_wrapper.o(i.TransferComplete) referenced from stemwin_wrapper.o(i.DMA2D_Init)
 <LI><a href="#[5d]">UART4_IRQHandler</a> from startup_stm32f429xx.o(.text) referenced from startup_stm32f429xx.o(RESET)
 <LI><a href="#[5e]">UART5_IRQHandler</a> from startup_stm32f429xx.o(.text) referenced from startup_stm32f429xx.o(RESET)
 <LI><a href="#[7a]">UART7_IRQHandler</a> from startup_stm32f429xx.o(.text) referenced from startup_stm32f429xx.o(RESET)
 <LI><a href="#[7b]">UART8_IRQHandler</a> from startup_stm32f429xx.o(.text) referenced from startup_stm32f429xx.o(RESET)
 <LI><a href="#[4e]">USART1_IRQHandler</a> from startup_stm32f429xx.o(.text) referenced from startup_stm32f429xx.o(RESET)
 <LI><a href="#[4f]">USART2_IRQHandler</a> from startup_stm32f429xx.o(.text) referenced from startup_stm32f429xx.o(RESET)
 <LI><a href="#[50]">USART3_IRQHandler</a> from startup_stm32f429xx.o(.text) referenced from startup_stm32f429xx.o(RESET)
 <LI><a href="#[70]">USART6_IRQHandler</a> from startup_stm32f429xx.o(.text) referenced from startup_stm32f429xx.o(RESET)
 <LI><a href="#[24]">UsageFault_Handler</a> from stm32f4xx_it.o(i.UsageFault_Handler) referenced from startup_stm32f429xx.o(RESET)
 <LI><a href="#[8a]">WM_HandlePID</a> from WM_Touch.o(.text.WM_HandlePID) referenced from GUI_PID.o(.text.GUI_PID_StoreState)
 <LI><a href="#[aa]">WM__Paint1</a> from WM.o(.text.WM__Paint1) referenced from WM.o(.text.WM__PaintWinAndOverlays)
 <LI><a href="#[aa]">WM__Paint1</a> from WM.o(.text.WM__Paint1) referenced from WM.o(.text._Paint1Trans)
 <LI><a href="#[29]">WWDG_IRQHandler</a> from startup_stm32f429xx.o(.text) referenced from startup_stm32f429xx.o(RESET)
 <LI><a href="#[ad]">_CalcPositions</a> from SCROLLBAR_Skin.o(.text._CalcPositions) referenced from SCROLLBAR_Skin.o(.text._Create)
 <LI><a href="#[16c]">_CalcSizeOfChar</a> from GUI_UC_EncodeNone.o(.text._CalcSizeOfChar) referenced from GUI_UC_EncodeNone.o(.rodata)
 <LI><a href="#[d1]">_ClockDraw</a> from menudlg.o(i._ClockDraw) referenced from menudlg.o(i.CreateMenu)
 <LI><a href="#[159]">_Color2Index</a> from GUI_SetAlpha.o(.text._Color2Index) referenced from GUI_SetAlpha.o(.rodata)
 <LI><a href="#[115]">_Color2IndexBulk</a> from GUICC_565.o(.text._Color2IndexBulk) referenced 7 times from GUICC_565.o(.rodata)
 <LI><a href="#[f2]">_Color2IndexBulk_1616I</a> from GUICC_1616I.o(.text._Color2IndexBulk_1616I) referenced from GUICC_1616I.o(.rodata)
 <LI><a href="#[103]">_Color2IndexBulk_88666I</a> from GUICC_88666I.o(.text._Color2IndexBulk_88666I) referenced from GUICC_88666I.o(.rodata)
 <LI><a href="#[108]">_Color2IndexBulk_M1555I</a> from GUICC_M1555I.o(.text._Color2IndexBulk_M1555I) referenced from GUICC_M1555I.o(.rodata)
 <LI><a href="#[db]">_Color2IndexBulk_M1555I_DMA2D</a> from stemwin_wrapper.o(i._Color2IndexBulk_M1555I_DMA2D) referenced from stemwin_wrapper.o(i.LCD_X_Config)
 <LI><a href="#[10d]">_Color2IndexBulk_M4444I</a> from GUICC_M4444I.o(.text._Color2IndexBulk_M4444I) referenced from GUICC_M4444I.o(.rodata)
 <LI><a href="#[df]">_Color2IndexBulk_M4444I_DMA2D</a> from stemwin_wrapper.o(i._Color2IndexBulk_M4444I_DMA2D) referenced from stemwin_wrapper.o(i.LCD_X_Config)
 <LI><a href="#[dd]">_Color2IndexBulk_M565_DMA2D</a> from stemwin_wrapper.o(i._Color2IndexBulk_M565_DMA2D) referenced from stemwin_wrapper.o(i.LCD_X_Config)
 <LI><a href="#[111]">_Color2IndexBulk_M8888I</a> from GUICC_M8888I.o(.text._Color2IndexBulk_M8888I) referenced from GUICC_M8888I.o(.rodata)
 <LI><a href="#[e3]">_Color2IndexBulk_M8888I_DMA2D</a> from stemwin_wrapper.o(i._Color2IndexBulk_M8888I_DMA2D) referenced from stemwin_wrapper.o(i.LCD_X_Config)
 <LI><a href="#[e1]">_Color2IndexBulk_M888_DMA2D</a> from stemwin_wrapper.o(i._Color2IndexBulk_M888_DMA2D) referenced from stemwin_wrapper.o(i.LCD_X_Config)
 <LI><a href="#[188]">_Color2Index_0</a> from GUICC_0.o(.text._Color2Index_0) referenced from GUICC_0.o(.rodata)
 <LI><a href="#[156]">_Color2Index_16</a> from GUICC_16.o(.text._Color2Index_16) referenced from GUICC_16.o(.rodata)
 <LI><a href="#[ef]">_Color2Index_1616I</a> from GUICC_1616I.o(.text._Color2Index_1616I) referenced from GUICC_1616I.o(.rodata)
 <LI><a href="#[113]">_Color2Index_565</a> from GUICC_565.o(.text._Color2Index_565) referenced from GUICC_565.o(.rodata)
 <LI><a href="#[f4]">_Color2Index_822216</a> from GUICC_822216.o(.text._Color2Index_822216) referenced from GUICC_822216.o(.rodata)
 <LI><a href="#[f7]">_Color2Index_84444</a> from GUICC_84444.o(.text._Color2Index_84444) referenced from GUICC_84444.o(.rodata)
 <LI><a href="#[fd]">_Color2Index_8666_1</a> from GUICC_8666_1.o(.text._Color2Index_8666_1) referenced from GUICC_8666_1.o(.rodata)
 <LI><a href="#[100]">_Color2Index_88666I</a> from GUICC_88666I.o(.text._Color2Index_88666I) referenced from GUICC_88666I.o(.rodata)
 <LI><a href="#[117]">_Color2Index_888</a> from GUICC_888.o(.text._Color2Index_888) referenced from GUICC_888.o(.rodata)
 <LI><a href="#[11c]">_Color2Index_8888</a> from GUICC_8888.o(.text._Color2Index_8888) referenced from GUICC_8888.o(.rodata)
 <LI><a href="#[105]">_Color2Index_M1555I</a> from GUICC_M1555I.o(.text._Color2Index_M1555I) referenced from GUICC_M1555I.o(.rodata)
 <LI><a href="#[10a]">_Color2Index_M4444I</a> from GUICC_M4444I.o(.text._Color2Index_M4444I) referenced from GUICC_M4444I.o(.rodata)
 <LI><a href="#[121]">_Color2Index_M565</a> from GUICC_M565.o(.text._Color2Index_M565) referenced from GUICC_M565.o(.rodata)
 <LI><a href="#[125]">_Color2Index_M888</a> from GUICC_M888.o(.text._Color2Index_M888) referenced from GUICC_M888.o(.rodata)
 <LI><a href="#[129]">_Color2Index_M8888</a> from GUICC_M8888.o(.text._Color2Index_M8888) referenced from GUICC_M8888.o(.rodata)
 <LI><a href="#[10f]">_Color2Index_M8888I</a> from GUICC_M8888I.o(.text._Color2Index_M8888I) referenced from GUICC_M8888I.o(.rodata)
 <LI><a href="#[d2]">_ConfigDraw</a> from menudlg.o(i._ConfigDraw) referenced from menudlg.o(i.CreateMenu)
 <LI><a href="#[bf]">_CopyBuffer</a> from GUIDRV_Lin_16.o(.text._CopyBuffer) referenced from GUIDRV_Lin_16.o(.text._GetDevFunc)
 <LI><a href="#[18]">_Create</a> from BUTTON_Skin.o(.text._Create) referenced 6 times from BUTTON_Skin.o(.data)
 <LI><a href="#[b2]">_Draw</a> from LCD_RLEAlpha.o(.text._Draw) referenced from LCD_RLEAlpha.o(.text._DrawBitmap_RLEAlpha)
 <LI><a href="#[9d]">_DrawBackgroundH</a> from SCROLLBAR_SkinFlex.o(.text._DrawBackgroundH) referenced from SCROLLBAR_SkinFlex.o(.text.SCROLLBAR_DrawSkinFlex)
 <LI><a href="#[9f]">_DrawBackgroundV</a> from SCROLLBAR_SkinFlex.o(.text._DrawBackgroundV) referenced from SCROLLBAR_SkinFlex.o(.text.SCROLLBAR_DrawSkinFlex)
 <LI><a href="#[138]">_DrawBitmap</a> from GUIDRV_Lin_16.o(.text._DrawBitmap) referenced 4 times from GUIDRV_Lin_16.o(.rodata)
 <LI><a href="#[94]">_DrawBitmap</a> from ICONVIEW.o(.text._DrawBitmap) referenced from ICONVIEW.o(.text.ICONVIEW_AddBitmapItem)
 <LI><a href="#[131]">_DrawBitmapA555</a> from GUI_DrawBitmap_A16.o(.text._DrawBitmapA555) referenced from GUI_DrawBitmap_A16.o(.rodata)
 <LI><a href="#[133]">_DrawBitmapA565</a> from GUI_DrawBitmap_A16.o(.text._DrawBitmapA565) referenced from GUI_DrawBitmap_A16.o(.rodata)
 <LI><a href="#[130]">_DrawBitmapAM555</a> from GUI_DrawBitmap_A16.o(.text._DrawBitmapAM555) referenced from GUI_DrawBitmap_A16.o(.rodata)
 <LI><a href="#[132]">_DrawBitmapAM565</a> from GUI_DrawBitmap_A16.o(.text._DrawBitmapAM565) referenced from GUI_DrawBitmap_A16.o(.rodata)
 <LI><a href="#[137]">_DrawBitmap_RLEAlpha</a> from LCD_RLEAlpha.o(.text._DrawBitmap_RLEAlpha) referenced from LCD_RLEAlpha.o(.rodata)
 <LI><a href="#[b3]">_DrawClip</a> from LCD_RLEAlpha.o(.text._DrawClip) referenced from LCD_RLEAlpha.o(.text._DrawBitmap_RLEAlpha)
 <LI><a href="#[185]">_DrawDown</a> from WIDGET_Effect_None.o(.text._DrawDown) referenced 2 times from WIDGET_Effect_None.o(.rodata)
 <LI><a href="#[186]">_DrawDownRect</a> from WIDGET_Effect_None.o(.text._DrawDownRect) referenced 2 times from WIDGET_Effect_None.o(.rodata)
 <LI><a href="#[187]">_DrawFlat</a> from WIDGET_Effect_None.o(.text._DrawFlat) referenced from WIDGET_Effect_None.o(.rodata)
 <LI><a href="#[9c]">_DrawGraspH</a> from SCROLLBAR_SkinFlex.o(.text._DrawGraspH) referenced from SCROLLBAR_SkinFlex.o(.text.SCROLLBAR_DrawSkinFlex)
 <LI><a href="#[9e]">_DrawGraspV</a> from SCROLLBAR_SkinFlex.o(.text._DrawGraspV) referenced from SCROLLBAR_SkinFlex.o(.text.SCROLLBAR_DrawSkinFlex)
 <LI><a href="#[139]">_DrawHLine</a> from GUIDRV_Lin_16.o(.text._DrawHLine) referenced 4 times from GUIDRV_Lin_16.o(.rodata)
 <LI><a href="#[183]">_DrawUp</a> from WIDGET_Effect_None.o(.text._DrawUp) referenced 2 times from WIDGET_Effect_None.o(.rodata)
 <LI><a href="#[184]">_DrawUpRect</a> from WIDGET_Effect_None.o(.text._DrawUpRect) referenced 2 times from WIDGET_Effect_None.o(.rodata)
 <LI><a href="#[13a]">_DrawVLine</a> from GUIDRV_Lin_16.o(.text._DrawVLine) referenced 4 times from GUIDRV_Lin_16.o(.rodata)
 <LI><a href="#[16d]">_Encode</a> from GUI_UC_EncodeNone.o(.text._Encode) referenced from GUI_UC_EncodeNone.o(.rodata)
 <LI><a href="#[13b]">_FillRect</a> from GUIDRV_Lin_16.o(.text._FillRect) referenced 4 times from GUIDRV_Lin_16.o(.rodata)
 <LI><a href="#[181]">_GUI_USAGE_BM_Delete</a> from GUIDEV_UsageBM.o(.text._GUI_USAGE_BM_Delete) referenced from GUIDEV_UsageBM.o(.rodata)
 <LI><a href="#[1b]">_GetBorderSize</a> from FRAMEWIN_Skin.o(.text._GetBorderSize) referenced 2 times from FRAMEWIN_Skin.o(.data)
 <LI><a href="#[16a]">_GetCharCode</a> from GUI_UC_EncodeNone.o(.text._GetCharCode) referenced from GUI_UC_EncodeNone.o(.rodata)
 <LI><a href="#[16b]">_GetCharSize</a> from GUI_UC_EncodeNone.o(.text._GetCharSize) referenced from GUI_UC_EncodeNone.o(.rodata)
 <LI><a href="#[15]">_GetCharWrap</a> from GUI__Wrap.o(.text._GetCharWrap) referenced 2 times from GUI__Wrap.o(.data)
 <LI><a href="#[142]">_GetDevData</a> from GUIDRV_Lin_16.o(.text._GetDevData) referenced 4 times from GUIDRV_Lin_16.o(.rodata)
 <LI><a href="#[140]">_GetDevFunc</a> from GUIDRV_Lin_16.o(.text._GetDevFunc) referenced 4 times from GUIDRV_Lin_16.o(.rodata)
 <LI><a href="#[141]">_GetDevProp</a> from GUIDRV_Lin_16.o(.text._GetDevProp) referenced 4 times from GUIDRV_Lin_16.o(.rodata)
 <LI><a href="#[96]">_GetImageSizes</a> from ICONVIEW.o(.text._GetImageSizes) referenced from ICONVIEW.o(.text.ICONVIEW_AddBitmapItem)
 <LI><a href="#[15b]">_GetIndexMask</a> from GUI_SetAlpha.o(.text._GetIndexMask) referenced from GUI_SetAlpha.o(.rodata)
 <LI><a href="#[18a]">_GetIndexMask_0</a> from GUICC_0.o(.text._GetIndexMask_0) referenced from GUICC_0.o(.rodata)
 <LI><a href="#[18d]">_GetIndexMask_1</a> from GUICC_1.o(.text._GetIndexMask_1) referenced from GUICC_1.o(.rodata)
 <LI><a href="#[158]">_GetIndexMask_16</a> from GUICC_16.o(.text._GetIndexMask_16) referenced from GUICC_16.o(.rodata)
 <LI><a href="#[f1]">_GetIndexMask_1616I</a> from GUICC_1616I.o(.text._GetIndexMask_1616I) referenced from GUICC_1616I.o(.rodata)
 <LI><a href="#[114]">_GetIndexMask_565</a> from GUICC_565.o(.text._GetIndexMask_565) referenced from GUICC_565.o(.rodata)
 <LI><a href="#[f6]">_GetIndexMask_822216</a> from GUICC_822216.o(.text._GetIndexMask_822216) referenced from GUICC_822216.o(.rodata)
 <LI><a href="#[f9]">_GetIndexMask_84444</a> from GUICC_84444.o(.text._GetIndexMask_84444) referenced from GUICC_84444.o(.rodata)
 <LI><a href="#[fc]">_GetIndexMask_8666</a> from GUICC_8666.o(.text._GetIndexMask_8666) referenced from GUICC_8666.o(.rodata)
 <LI><a href="#[ff]">_GetIndexMask_8666_1</a> from GUICC_8666_1.o(.text._GetIndexMask_8666_1) referenced from GUICC_8666_1.o(.rodata)
 <LI><a href="#[102]">_GetIndexMask_88666I</a> from GUICC_88666I.o(.text._GetIndexMask_88666I) referenced from GUICC_88666I.o(.rodata)
 <LI><a href="#[119]">_GetIndexMask_888</a> from GUICC_888.o(.text._GetIndexMask_888) referenced from GUICC_888.o(.rodata)
 <LI><a href="#[11e]">_GetIndexMask_8888</a> from GUICC_8888.o(.text._GetIndexMask_8888) referenced from GUICC_8888.o(.rodata)
 <LI><a href="#[107]">_GetIndexMask_M1555I</a> from GUICC_M1555I.o(.text._GetIndexMask_M1555I) referenced from GUICC_M1555I.o(.rodata)
 <LI><a href="#[10c]">_GetIndexMask_M4444I</a> from GUICC_M4444I.o(.text._GetIndexMask_M4444I) referenced from GUICC_M4444I.o(.rodata)
 <LI><a href="#[122]">_GetIndexMask_M565</a> from GUICC_M565.o(.text._GetIndexMask_M565) referenced from GUICC_M565.o(.rodata)
 <LI><a href="#[126]">_GetIndexMask_M888</a> from GUICC_M888.o(.text._GetIndexMask_M888) referenced from GUICC_M888.o(.rodata)
 <LI><a href="#[12b]">_GetIndexMask_M8888</a> from GUICC_M8888.o(.text._GetIndexMask_M8888) referenced from GUICC_M8888.o(.rodata)
 <LI><a href="#[110]">_GetIndexMask_M8888I</a> from GUICC_M8888I.o(.text._GetIndexMask_M8888I) referenced from GUICC_M8888I.o(.rodata)
 <LI><a href="#[b5]">_GetMotionTagR</a> from WM_Motion.o(.text._GetMotionTagR) referenced from WM_Motion.o(.text._GetConfirmation)
 <LI><a href="#[a9]">_GetMotionTagXY</a> from WM_Motion.o(.text._GetMotionTagXY) referenced from WM_Motion.o(.text.WM_MOTION_Enable)
 <LI><a href="#[a9]">_GetMotionTagXY</a> from WM_Motion.o(.text._GetMotionTagXY) referenced from WM_Motion.o(.text._cbMotion)
 <LI><a href="#[a9]">_GetMotionTagXY</a> from WM_Motion.o(.text._GetMotionTagXY) referenced from WM_Motion.o(.text._cbTimer)
 <LI><a href="#[13c]">_GetPixelIndex</a> from GUIDRV_Lin_16.o(.text._GetPixelIndex) referenced 4 times from GUIDRV_Lin_16.o(.rodata)
 <LI><a href="#[b9]">_GetPos</a> from GUIDRV_Lin_16.o(.text._GetPos) referenced from GUIDRV_Lin_16.o(.text._GetDevFunc)
 <LI><a href="#[143]">_GetRect</a> from GUIDRV_Lin_16.o(.text._GetRect) referenced 4 times from GUIDRV_Lin_16.o(.rodata)
 <LI><a href="#[14]">_GetWordWrap</a> from GUI__Wrap.o(.text._GetWordWrap) referenced 2 times from GUI__Wrap.o(.data)
 <LI><a href="#[15a]">_Index2Color</a> from GUI_SetAlpha.o(.text._Index2Color) referenced from GUI_SetAlpha.o(.rodata)
 <LI><a href="#[116]">_Index2ColorBulk</a> from GUICC_565.o(.text._Index2ColorBulk) referenced 7 times from GUICC_565.o(.rodata)
 <LI><a href="#[f3]">_Index2ColorBulk_1616I</a> from GUICC_1616I.o(.text._Index2ColorBulk_1616I) referenced from GUICC_1616I.o(.rodata)
 <LI><a href="#[104]">_Index2ColorBulk_88666I</a> from GUICC_88666I.o(.text._Index2ColorBulk_88666I) referenced from GUICC_88666I.o(.rodata)
 <LI><a href="#[109]">_Index2ColorBulk_M1555I</a> from GUICC_M1555I.o(.text._Index2ColorBulk_M1555I) referenced from GUICC_M1555I.o(.rodata)
 <LI><a href="#[da]">_Index2ColorBulk_M1555I_DMA2D</a> from stemwin_wrapper.o(i._Index2ColorBulk_M1555I_DMA2D) referenced from stemwin_wrapper.o(i.LCD_X_Config)
 <LI><a href="#[10e]">_Index2ColorBulk_M4444I</a> from GUICC_M4444I.o(.text._Index2ColorBulk_M4444I) referenced from GUICC_M4444I.o(.rodata)
 <LI><a href="#[de]">_Index2ColorBulk_M4444I_DMA2D</a> from stemwin_wrapper.o(i._Index2ColorBulk_M4444I_DMA2D) referenced from stemwin_wrapper.o(i.LCD_X_Config)
 <LI><a href="#[dc]">_Index2ColorBulk_M565_DMA2D</a> from stemwin_wrapper.o(i._Index2ColorBulk_M565_DMA2D) referenced from stemwin_wrapper.o(i.LCD_X_Config)
 <LI><a href="#[112]">_Index2ColorBulk_M8888I</a> from GUICC_M8888I.o(.text._Index2ColorBulk_M8888I) referenced from GUICC_M8888I.o(.rodata)
 <LI><a href="#[e2]">_Index2ColorBulk_M8888I_DMA2D</a> from stemwin_wrapper.o(i._Index2ColorBulk_M8888I_DMA2D) referenced from stemwin_wrapper.o(i.LCD_X_Config)
 <LI><a href="#[e0]">_Index2ColorBulk_M888_DMA2D</a> from stemwin_wrapper.o(i._Index2ColorBulk_M888_DMA2D) referenced from stemwin_wrapper.o(i.LCD_X_Config)
 <LI><a href="#[189]">_Index2Color_0</a> from GUICC_0.o(.text._Index2Color_0) referenced from GUICC_0.o(.rodata)
 <LI><a href="#[18c]">_Index2Color_1</a> from GUICC_1.o(.text._Index2Color_1) referenced from GUICC_1.o(.rodata)
 <LI><a href="#[157]">_Index2Color_16</a> from GUICC_16.o(.text._Index2Color_16) referenced from GUICC_16.o(.rodata)
 <LI><a href="#[f0]">_Index2Color_1616I</a> from GUICC_1616I.o(.text._Index2Color_1616I) referenced from GUICC_1616I.o(.rodata)
 <LI><a href="#[f5]">_Index2Color_822216</a> from GUICC_822216.o(.text._Index2Color_822216) referenced from GUICC_822216.o(.rodata)
 <LI><a href="#[f8]">_Index2Color_84444</a> from GUICC_84444.o(.text._Index2Color_84444) referenced from GUICC_84444.o(.rodata)
 <LI><a href="#[fe]">_Index2Color_8666_1</a> from GUICC_8666_1.o(.text._Index2Color_8666_1) referenced from GUICC_8666_1.o(.rodata)
 <LI><a href="#[101]">_Index2Color_88666I</a> from GUICC_88666I.o(.text._Index2Color_88666I) referenced from GUICC_88666I.o(.rodata)
 <LI><a href="#[106]">_Index2Color_M1555I</a> from GUICC_M1555I.o(.text._Index2Color_M1555I) referenced from GUICC_M1555I.o(.rodata)
 <LI><a href="#[10b]">_Index2Color_M4444I</a> from GUICC_M4444I.o(.text._Index2Color_M4444I) referenced from GUICC_M4444I.o(.rodata)
 <LI><a href="#[12a]">_Index2Color_M8888</a> from GUICC_M8888.o(.text._Index2Color_M8888) referenced from GUICC_M8888.o(.rodata)
 <LI><a href="#[c6]">_Init</a> from GUIDRV_Lin_16.o(.text._Init) referenced from GUIDRV_Lin_16.o(.text._GetDevFunc)
 <LI><a href="#[e4]">_LCD_DrawBitmapAlpha</a> from stemwin_wrapper.o(i._LCD_DrawBitmapAlpha) referenced from stemwin_wrapper.o(i.LCD_X_Config)
 <LI><a href="#[e5]">_LCD_DrawMemdevAlpha</a> from stemwin_wrapper.o(i._LCD_DrawMemdevAlpha) referenced from stemwin_wrapper.o(i.LCD_X_Config)
 <LI><a href="#[11]">_Log2VisBuffered</a> from GUI_CharLine.o(.text._Log2VisBuffered) referenced 2 times from GUI_CharLine.o(.data)
 <LI><a href="#[154]">_MULTIBUF_Begin</a> from WM_MULTIBUF.o(.text._MULTIBUF_Begin) referenced from WM_MULTIBUF.o(.rodata)
 <LI><a href="#[155]">_MULTIBUF_End</a> from WM_MULTIBUF.o(.text._MULTIBUF_End) referenced from WM_MULTIBUF.o(.rodata)
 <LI><a href="#[b6]">_Motion_AutoWithinParent</a> from WM_Motion.o(.text._Motion_AutoWithinParent) referenced from WM_Motion.o(.text._GetConfirmation)
 <LI><a href="#[b4]">_Motion_ByWindow</a> from WM_Motion.o(.text._Motion_ByWindow) referenced from WM_Motion.o(.text._GetConfirmation)
 <LI><a href="#[c4]">_Off</a> from GUIDRV_Lin_16.o(.text._Off) referenced from GUIDRV_Lin_16.o(.text._GetDevFunc)
 <LI><a href="#[c5]">_On</a> from GUIDRV_Lin_16.o(.text._On) referenced from GUIDRV_Lin_16.o(.text._GetDevFunc)
 <LI><a href="#[89]">_OnExit</a> from GUI_Task.o(.text._OnExit) referenced from GUI_Task.o(.text.GUITASK_Init)
 <LI><a href="#[8b]">_OnExit</a> from GUI_PID.o(.text._OnExit) referenced from GUI_PID.o(.text.GUI_PID_StoreState)
 <LI><a href="#[8c]">_OnExit</a> from GUI_SetAlpha.o(.text._OnExit) referenced from GUI_SetAlpha.o(.text.GUI_SetAlpha)
 <LI><a href="#[8f]">_OnExit</a> from GUI_Timer.o(.text._OnExit) referenced from GUI_Timer.o(.text.GUI_TIMER_Create)
 <LI><a href="#[90]">_OnExit</a> from GUI__Alpha.o(.text._OnExit) referenced from GUI__Alpha.o(.text.GUI__AllocAlphaBuffer)
 <LI><a href="#[91]">_OnExit</a> from GUI_Core.o(.text._OnExit) referenced from GUI_Core.o(.text.GUI__Config)
 <LI><a href="#[90]">_OnExit</a> from GUI__Alpha.o(.text._OnExit) referenced from GUI__Alpha.o(.text.GUI__DoAlphaBlending)
 <LI><a href="#[90]">_OnExit</a> from GUI__Alpha.o(.text._OnExit) referenced from GUI__Alpha.o(.text.GUI__GetAlphaBuffer)
 <LI><a href="#[9a]">_OnExit</a> from LCD_Color.o(.text._OnExit) referenced from LCD_Color.o(.text.LCD_InitColors)
 <LI><a href="#[a5]">_OnExit</a> from WM.o(.text._OnExit) referenced from WM.o(.text.WM_Init)
 <LI><a href="#[a8]">_OnExit</a> from WM_Motion.o(.text._OnExit) referenced from WM_Motion.o(.text.WM_MOTION_Enable)
 <LI><a href="#[ac]">_OnExit</a> from WM_Touch.o(.text._OnExit) referenced from WM_Touch.o(.text.WM__SetMotionCallback)
 <LI><a href="#[d]">_OnTouchDefault</a> from BUTTON.o(.text._OnTouchDefault) referenced 2 times from BUTTON.o(.data)
 <LI><a href="#[17]">_Paint</a> from BUTTON_Skin.o(.text._Paint) referenced 6 times from BUTTON_Skin.o(.data)
 <LI><a href="#[bc]">_ReadRect</a> from GUIDRV_Lin_16.o(.text._ReadRect) referenced from GUIDRV_Lin_16.o(.text._GetDevFunc)
 <LI><a href="#[bb]">_SetAlpha</a> from GUIDRV_Lin_16.o(.text._SetAlpha) referenced from GUIDRV_Lin_16.o(.text._GetDevFunc)
 <LI><a href="#[c3]">_SetAlphaMode</a> from GUIDRV_Lin_16.o(.text._SetAlphaMode) referenced from GUIDRV_Lin_16.o(.text._GetDevFunc)
 <LI><a href="#[135]">_SetBkColor</a> from LCD.o(.text._SetBkColor) referenced from LCD.o(.rodata)
 <LI><a href="#[c1]">_SetChroma</a> from GUIDRV_Lin_16.o(.text._SetChroma) referenced from GUIDRV_Lin_16.o(.text._GetDevFunc)
 <LI><a href="#[c2]">_SetChromaMode</a> from GUIDRV_Lin_16.o(.text._SetChromaMode) referenced from GUIDRV_Lin_16.o(.text._GetDevFunc)
 <LI><a href="#[134]">_SetColor</a> from LCD.o(.text._SetColor) referenced from LCD.o(.rodata)
 <LI><a href="#[c0]">_SetDevFunc</a> from GUIDRV_Lin_16.o(.text._SetDevFunc) referenced from GUIDRV_Lin_16.o(.text._GetDevFunc)
 <LI><a href="#[136]">_SetDrawMode</a> from LCD.o(.text._SetDrawMode) referenced from LCD.o(.rodata)
 <LI><a href="#[13f]">_SetOrg</a> from GUIDRV_Lin_16.o(.text._SetOrg) referenced 4 times from GUIDRV_Lin_16.o(.rodata)
 <LI><a href="#[13d]">_SetPixelIndex</a> from GUIDRV_Lin_16.o(.text._SetPixelIndex) referenced 4 times from GUIDRV_Lin_16.o(.rodata)
 <LI><a href="#[ba]">_SetPos</a> from GUIDRV_Lin_16.o(.text._SetPos) referenced from GUIDRV_Lin_16.o(.text._GetDevFunc)
 <LI><a href="#[c7]">_SetSize</a> from GUIDRV_Lin_16.o(.text._SetSize) referenced from GUIDRV_Lin_16.o(.text._GetDevFunc)
 <LI><a href="#[b7]">_SetVRAMAddr</a> from GUIDRV_Lin_16.o(.text._SetVRAMAddr) referenced from GUIDRV_Lin_16.o(.text._GetDevFunc)
 <LI><a href="#[bd]">_SetVRAM_BufferPTR</a> from GUIDRV_Lin_16.o(.text._SetVRAM_BufferPTR) referenced from GUIDRV_Lin_16.o(.text._GetDevFunc)
 <LI><a href="#[c8]">_SetVSize</a> from GUIDRV_Lin_16.o(.text._SetVSize) referenced from GUIDRV_Lin_16.o(.text._GetDevFunc)
 <LI><a href="#[b8]">_SetVis</a> from GUIDRV_Lin_16.o(.text._SetVis) referenced from GUIDRV_Lin_16.o(.text._GetDevFunc)
 <LI><a href="#[be]">_ShowBuffer</a> from GUIDRV_Lin_16.o(.text._ShowBuffer) referenced from GUIDRV_Lin_16.o(.text._GetDevFunc)
 <LI><a href="#[13e]">_XorPixel</a> from GUIDRV_Lin_16.o(.text._XorPixel) referenced 4 times from GUIDRV_Lin_16.o(.rodata)
 <LI><a href="#[85]">__main</a> from entry.o(.ARM.Collect$$$$00000000) referenced from startup_stm32f429xx.o(.text)
 <LI><a href="#[a6]">_cbBackWin</a> from WM.o(.text._cbBackWin) referenced from WM.o(.text.WM_Init)
 <LI><a href="#[cc]">_cbBk</a> from clock_configdlg.o(i._cbBk) referenced from clock_configdlg.o(i.CreateClock_config)
 <LI><a href="#[cf]">_cbBk</a> from clock_viewdlg.o(i._cbBk) referenced from clock_viewdlg.o(i.CreateClock_view)
 <LI><a href="#[cd]">_cbDialog</a> from clock_configdlg.o(i._cbDialog) referenced from clock_configdlg.o(i.CreateClock_config)
 <LI><a href="#[ce]">_cbDialog</a> from clock_viewdlg.o(i._cbDialog) referenced from clock_viewdlg.o(i.CreateClock_view)
 <LI><a href="#[d0]">_cbDialog</a> from menudlg.o(i._cbDialog) referenced from menudlg.o(i.CreateMenu)
 <LI><a href="#[a2]">_cbInvalidateOne</a> from WM_BringToTop.o(.text._cbInvalidateOne) referenced from WM_BringToTop.o(.text.WM_BringToTop)
 <LI><a href="#[a7]">_cbMotion</a> from WM_Motion.o(.text._cbMotion) referenced from WM_Motion.o(.text.WM_MOTION_Enable)
 <LI><a href="#[a4]">_cbPaintMemDev</a> from WM.o(.text._cbPaintMemDev) referenced from WM.o(.text.WM_Exec)
 <LI><a href="#[a3]">_cbTimer</a> from WM_Timer.o(.text._cbTimer) referenced from WM_Timer.o(.text.WM_CreateTimer)
 <LI><a href="#[cb]">_cbTimer</a> from WM_Motion.o(.text._cbTimer) referenced from WM_Motion.o(.text._MoveToNearestSnapPosition)
 <LI><a href="#[cb]">_cbTimer</a> from WM_Motion.o(.text._cbTimer) referenced from WM_Motion.o(.text._cbMotion)
 <LI><a href="#[83]">main</a> from main.o(i.main) referenced from entry9a.o(.ARM.Collect$$$$0000000B)
 <LI><a href="#[12]">memcpy</a> from memmove.o(.text) referenced 2 times from GUI__Private.o(.data)
 <LI><a href="#[13]">memset</a> from memseta.o(.text) referenced 2 times from GUI__Private.o(.data)
 <LI><a href="#[e7]">prvIdleTask</a> from tasks.o(i.prvIdleTask) referenced from tasks.o(i.vTaskStartScheduler)
 <LI><a href="#[e6]">prvTaskExitError</a> from port.o(i.prvTaskExitError) referenced from port.o(i.pxPortInitialiseStack)
 <LI><a href="#[0]">stmpe811_Init</a> from stmpe811.o(i.stmpe811_Init) referenced 2 times from stmpe811.o(.data)
 <LI><a href="#[1]">stmpe811_ReadID</a> from stmpe811.o(i.stmpe811_ReadID) referenced 2 times from stmpe811.o(.data)
 <LI><a href="#[2]">stmpe811_Reset</a> from stmpe811.o(i.stmpe811_Reset) referenced 2 times from stmpe811.o(.data)
 <LI><a href="#[7]">stmpe811_TS_ClearIT</a> from stmpe811.o(i.stmpe811_TS_ClearIT) referenced 2 times from stmpe811.o(.data)
 <LI><a href="#[4]">stmpe811_TS_DetectTouch</a> from stmpe811.o(i.stmpe811_TS_DetectTouch) referenced 2 times from stmpe811.o(.data)
 <LI><a href="#[9]">stmpe811_TS_DisableIT</a> from stmpe811.o(i.stmpe811_TS_DisableIT) referenced 2 times from stmpe811.o(.data)
 <LI><a href="#[6]">stmpe811_TS_EnableIT</a> from stmpe811.o(i.stmpe811_TS_EnableIT) referenced 2 times from stmpe811.o(.data)
 <LI><a href="#[5]">stmpe811_TS_GetXY</a> from stmpe811.o(i.stmpe811_TS_GetXY) referenced 2 times from stmpe811.o(.data)
 <LI><a href="#[8]">stmpe811_TS_ITStatus</a> from stmpe811.o(i.stmpe811_TS_ITStatus) referenced 2 times from stmpe811.o(.data)
 <LI><a href="#[3]">stmpe811_TS_Start</a> from stmpe811.o(i.stmpe811_TS_Start) referenced 2 times from stmpe811.o(.data)
</UL>
<P>
<H3>
Global Symbols
</H3>
<P><STRONG><a name="[85]"></a>__main</STRONG> (Thumb, 0 bytes, Stack size unknown bytes, entry.o(.ARM.Collect$$$$00000000))
<BR>[Address Reference Count : 1]<UL><LI> startup_stm32f429xx.o(.text)
</UL>
<P><STRONG><a name="[454]"></a>_main_stk</STRONG> (Thumb, 0 bytes, Stack size unknown bytes, entry2.o(.ARM.Collect$$$$00000001))

<P><STRONG><a name="[192]"></a>_main_scatterload</STRONG> (Thumb, 0 bytes, Stack size unknown bytes, entry5.o(.ARM.Collect$$$$00000004))
<BR><BR>[Calls]<UL><LI><a href="#[193]">&gt;&gt;</a>&nbsp;&nbsp;&nbsp;__scatterload
</UL>

<P><STRONG><a name="[19a]"></a>__main_after_scatterload</STRONG> (Thumb, 0 bytes, Stack size unknown bytes, entry5.o(.ARM.Collect$$$$00000004))
<BR><BR>[Called By]<UL><LI><a href="#[193]">&gt;&gt;</a>&nbsp;&nbsp;&nbsp;__scatterload
</UL>

<P><STRONG><a name="[455]"></a>_main_clock</STRONG> (Thumb, 0 bytes, Stack size unknown bytes, entry7b.o(.ARM.Collect$$$$00000008))

<P><STRONG><a name="[456]"></a>_main_cpp_init</STRONG> (Thumb, 0 bytes, Stack size unknown bytes, entry8b.o(.ARM.Collect$$$$0000000A))

<P><STRONG><a name="[457]"></a>_main_init</STRONG> (Thumb, 0 bytes, Stack size unknown bytes, entry9a.o(.ARM.Collect$$$$0000000B))

<P><STRONG><a name="[458]"></a>__rt_lib_shutdown_fini</STRONG> (Thumb, 0 bytes, Stack size unknown bytes, entry12b.o(.ARM.Collect$$$$0000000E))

[...]
<LI><a href="#[31d]">&gt;&gt;</a>&nbsp;&nbsp;&nbsp;WM__IsInModalArea
<LI><a href="#[28d]">&gt;&gt;</a>&nbsp;&nbsp;&nbsp;GUI_TIMER_Restart
<LI><a href="#[289]">&gt;&gt;</a>&nbsp;&nbsp;&nbsp;GUI_TIMER_Create
<LI><a href="#[28b]">&gt;&gt;</a>&nbsp;&nbsp;&nbsp;GUI_TIMER_Delete
<LI><a href="#[2fc]">&gt;&gt;</a>&nbsp;&nbsp;&nbsp;WM_Screen2hWin
<LI><a href="#[22b]">&gt;&gt;</a>&nbsp;&nbsp;&nbsp;GUI_GetTime
<LI><a href="#[19f]">&gt;&gt;</a>&nbsp;&nbsp;&nbsp;GUI_ALLOC_UnlockH
<LI><a href="#[19e]">&gt;&gt;</a>&nbsp;&nbsp;&nbsp;GUI_ALLOC_LockH
<LI><a href="#[13]">&gt;&gt;</a>&nbsp;&nbsp;&nbsp;memset
<LI><a href="#[12]">&gt;&gt;</a>&nbsp;&nbsp;&nbsp;memcpy
</UL>
<BR>[Address Reference Count : 1]<UL><LI> WM_Motion.o(.text.WM_MOTION_Enable)
</UL>
<P><STRONG><a name="[30a]"></a>_MoveDescendents</STRONG> (Thumb, 588 bytes, Stack size unknown bytes, WM_Move.o(.text._MoveDescendents))
<BR><BR>[Calls]<UL><LI><a href="#[1bf]">&gt;&gt;</a>&nbsp;&nbsp;&nbsp;WM__SendMessage
<LI><a href="#[30a]">&gt;&gt;</a>&nbsp;&nbsp;&nbsp;_MoveDescendents
<LI><a href="#[1af]">&gt;&gt;</a>&nbsp;&nbsp;&nbsp;GUI_MoveRect
<LI><a href="#[19f]">&gt;&gt;</a>&nbsp;&nbsp;&nbsp;GUI_ALLOC_UnlockH
<LI><a href="#[19e]">&gt;&gt;</a>&nbsp;&nbsp;&nbsp;GUI_ALLOC_LockH
</UL>
<BR>[Called By]<UL><LI><a href="#[309]">&gt;&gt;</a>&nbsp;&nbsp;&nbsp;WM_MoveWindow
<LI><a href="#[30a]">&gt;&gt;</a>&nbsp;&nbsp;&nbsp;_MoveDescendents
</UL>

<P><STRONG><a name="[a3]"></a>_cbTimer</STRONG> (Thumb, 48 bytes, Stack size unknown bytes, WM_Timer.o(.text._cbTimer))
<BR><BR>[Stack]<UL><LI>Max Depth = 128 + Unknown Stack Size
<LI>Call Chain = _cbTimer &rArr; WM_SendMessage &rArr; GUI_Unlock &rArr; GUI_X_Unlock &rArr; osMutexRelease &rArr; xQueueGenericSend &rArr; xTaskResumeAll &rArr; xTaskIncrementTick
</UL>
<BR>[Calls]<UL><LI><a href="#[21e]">&gt;&gt;</a>&nbsp;&nbsp;&nbsp;WM_SendMessage
<LI><a href="#[200]">&gt;&gt;</a>&nbsp;&nbsp;&nbsp;GUI_ALLOC_h2p
</UL>
<BR>[Address Reference Count : 1]<UL><LI> WM_Timer.o(.text.WM_CreateTimer)
</UL>
<P><STRONG><a name="[ac]"></a>_OnExit</STRONG> (Thumb, 16 bytes, Stack size unknown bytes, WM_Touch.o(.text._OnExit))
<BR>[Address Reference Count : 1]<UL><LI> WM_Touch.o(.text.WM__SetMotionCallback)
</UL>
<P><STRONG><a name="[18]"></a>_Create</STRONG> (Thumb, 54 bytes, Stack size unknown bytes, BUTTON_Skin.o(.text._Create))
<BR><BR>[Stack]<UL><LI>Max Depth = 8 + Unknown Stack Size
<LI>Call Chain = _Create &rArr; memset
</UL>
<BR>[Calls]<UL><LI><a href="#[19f]">&gt;&gt;</a>&nbsp;&nbsp;&nbsp;GUI_ALLOC_UnlockH
<LI><a href="#[19e]">&gt;&gt;</a>&nbsp;&nbsp;&nbsp;GUI_ALLOC_LockH
<LI><a href="#[13]">&gt;&gt;</a>&nbsp;&nbsp;&nbsp;memset
</UL>
<BR>[Address Reference Count : 1]<UL><LI> BUTTON_Skin.o(.data)
</UL>
<P><STRONG><a name="[17]"></a>_Paint</STRONG> (Thumb, 134 bytes, Stack size unknown bytes, BUTTON_Skin.o(.text._Paint))
<BR><BR>[Stack]<UL><LI>Max Depth = 128 + Unknown Stack Size
<LI>Call Chain = _Paint &rArr; WM_GetWindowSizeY &rArr; GUI_Unlock &rArr; GUI_X_Unlock &rArr; osMutexRelease &rArr; xQueueGenericSend &rArr; xTaskResumeAll &rArr; xTaskIncrementTick
</UL>
<BR>[Calls]<UL><LI><a href="#[1ca]">&gt;&gt;</a>&nbsp;&nbsp;&nbsp;WM_GetWindowSizeY
<LI><a href="#[2f4]">&gt;&gt;</a>&nbsp;&nbsp;&nbsp;WM_GetWindowSizeX
<LI><a href="#[19f]">&gt;&gt;</a>&nbsp;&nbsp;&nbsp;GUI_ALLOC_UnlockH
<LI><a href="#[19e]">&gt;&gt;</a>&nbsp;&nbsp;&nbsp;GUI_ALLOC_LockH
</UL>
<BR>[Address Reference Count : 1]<UL><LI> BUTTON_Skin.o(.data)
</UL>
<P><STRONG><a name="[1b]"></a>_GetBorderSize</STRONG> (Thumb, 88 bytes, Stack size unknown bytes, FRAMEWIN_Skin.o(.text._GetBorderSize))
<BR><BR>[Calls]<UL><LI><a href="#[19f]">&gt;&gt;</a>&nbsp;&nbsp;&nbsp;GUI_ALLOC_UnlockH
<LI><a href="#[19e]">&gt;&gt;</a>&nbsp;&nbsp;&nbsp;GUI_ALLOC_LockH
</UL>
<BR>[Address Reference Count : 1]<UL><LI> FRAMEWIN_Skin.o(.data)
</UL>
<P><STRONG><a name="[1a]"></a>_Create</STRONG> (Thumb, 44 bytes, Stack size unknown bytes, FRAMEWIN_Skin.o(.text._Create))
<BR><BR>[Calls]<UL><LI><a href="#[19f]">&gt;&gt;</a>&nbsp;&nbsp;&nbsp;GUI_ALLOC_UnlockH
<LI><a href="#[19e]">&gt;&gt;</a>&nbsp;&nbsp;&nbsp;GUI_ALLOC_LockH
</UL>
<BR>[Address Reference Count : 1]<UL><LI> FRAMEWIN_Skin.o(.data)
</UL>
<P><STRONG><a name="[19]"></a>_Paint</STRONG> (Thumb, 404 bytes, Stack size unknown bytes, FRAMEWIN_Skin.o(.text._Paint))
<BR><BR>[Stack]<UL><LI>Max Depth = 128 + Unknown Stack Size
<LI>Call Chain = _Paint &rArr; GUI_SetTextMode &rArr; GUI_Unlock &rArr; GUI_X_Unlock &rArr; osMutexRelease &rArr; xQueueGenericSend &rArr; xTaskResumeAll &rArr; xTaskIncrementTick
</UL>
<BR>[Calls]<UL><LI><a href="#[1b0]">&gt;&gt;</a>&nbsp;&nbsp;&nbsp;GUI_SetTextMode
<LI><a href="#[1ad]">&gt;&gt;</a>&nbsp;&nbsp;&nbsp;GUI_SetFont
<LI><a href="#[1ca]">&gt;&gt;</a>&nbsp;&nbsp;&nbsp;WM_GetWindowSizeY
<LI><a href="#[1cb]">&gt;&gt;</a>&nbsp;&nbsp;&nbsp;FRAMEWIN__GetTitleLimits
<LI><a href="#[1cd]">&gt;&gt;</a>&nbsp;&nbsp;&nbsp;FRAMEWIN__CalcTitleHeight
<LI><a href="#[2f4]">&gt;&gt;</a>&nbsp;&nbsp;&nbsp;WM_GetWindowSizeX
<LI><a href="#[1f7]">&gt;&gt;</a>&nbsp;&nbsp;&nbsp;WM__GetNextIVR
<LI><a href="#[1f6]">&gt;&gt;</a>&nbsp;&nbsp;&nbsp;WM__InitIVRSearch
<LI><a href="#[19f]">&gt;&gt;</a>&nbsp;&nbsp;&nbsp;GUI_ALLOC_UnlockH
<LI><a href="#[19e]">&gt;&gt;</a>&nbsp;&nbsp;&nbsp;GUI_ALLOC_LockH
</UL>
<BR>[Address Reference Count : 1]<UL><LI> FRAMEWIN_Skin.o(.data)
</UL>
<P><STRONG><a name="[184]"></a>_DrawUpRect</STRONG> (Thumb, 2 bytes, Stack size unknown bytes, WIDGET_Effect_None.o(.text._DrawUpRect))
<BR>[Address Reference Count : 1]<UL><LI> WIDGET_Effect_None.o(.rodata)
</UL>
<P><STRONG><a name="[187]"></a>_DrawFlat</STRONG> (Thumb, 2 bytes, Stack size unknown bytes, WIDGET_Effect_None.o(.text._DrawFlat))
<BR>[Address Reference Count : 1]<UL><LI> WIDGET_Effect_None.o(.rodata)
</UL>
<P><STRONG><a name="[186]"></a>_DrawDownRect</STRONG> (Thumb, 2 bytes, Stack size unknown bytes, WIDGET_Effect_None.o(.text._DrawDownRect))
<BR>[Address Reference Count : 1]<UL><LI> WIDGET_Effect_None.o(.rodata)
</UL>
<P><STRONG><a name="[185]"></a>_DrawDown</STRONG> (Thumb, 2 bytes, Stack size unknown bytes, WIDGET_Effect_None.o(.text._DrawDown))
<BR>[Address Reference Count : 1]<UL><LI> WIDGET_Effect_None.o(.rodata)
</UL>
<P><STRONG><a name="[183]"></a>_DrawUp</STRONG> (Thumb, 2 bytes, Stack size unknown bytes, WIDGET_Effect_None.o(.text._DrawUp))
<BR>[Address Reference Count : 1]<UL><LI> WIDGET_Effect_None.o(.rodata)
</UL>
<P><STRONG><a name="[18a]"></a>_GetIndexMask_0</STRONG> (Thumb, 74 bytes, Stack size unknown bytes, GUICC_0.o(.text._GetIndexMask_0))
<BR><BR>[Calls]<UL><LI><a href="#[2c3]">&gt;&gt;</a>&nbsp;&nbsp;&nbsp;LCD_GetNumColors
</UL>
<BR>[Address Reference Count : 1]<UL><LI> GUICC_0.o(.rodata)
</UL>
<P><STRONG><a name="[189]"></a>_Index2Color_0</STRONG> (Thumb, 30 bytes, Stack size unknown bytes, GUICC_0.o(.text._Index2Color_0))
<BR><BR>[Calls]<UL><LI><a href="#[2c6]">&gt;&gt;</a>&nbsp;&nbsp;&nbsp;LCD_GetPalette
<LI><a href="#[2c3]">&gt;&gt;</a>&nbsp;&nbsp;&nbsp;LCD_GetNumColors
</UL>
<BR>[Address Reference Count : 1]<UL><LI> GUICC_0.o(.rodata)
</UL>
<P><STRONG><a name="[188]"></a>_Color2Index_0</STRONG> (Thumb, 88 bytes, Stack size unknown bytes, GUICC_0.o(.text._Color2Index_0))
<BR><BR>[Calls]<UL><LI><a href="#[2c6]">&gt;&gt;</a>&nbsp;&nbsp;&nbsp;LCD_GetPalette
<LI><a href="#[2c3]">&gt;&gt;</a>&nbsp;&nbsp;&nbsp;LCD_GetNumColors
<LI><a href="#[322]">&gt;&gt;</a>&nbsp;&nbsp;&nbsp;GUI_CalcColorDist
</UL>
<BR>[Address Reference Count : 1]<UL><LI> GUICC_0.o(.rodata)
</UL>
<P><STRONG><a name="[18b]"></a>LCD_Color2Index_1</STRONG> (Thumb, 40 bytes, Stack size unknown bytes, GUICC_1.o(.text.LCD_Color2Index_1))
<BR>[Address Reference Count : 1]<UL><LI> GUICC_1.o(.rodata)
</UL>
<P><STRONG><a name="[18c]"></a>_Index2Color_1</STRONG> (Thumb, 18 bytes, Stack size unknown bytes, GUICC_1.o(.text._Index2Color_1))
<BR>[Address Reference Count : 1]<UL><LI> GUICC_1.o(.rodata)
</UL>
<P><STRONG><a name="[18d]"></a>_GetIndexMask_1</STRONG> (Thumb, 4 bytes, Stack size unknown bytes, GUICC_1.o(.text._GetIndexMask_1))
<BR>[Address Reference Count : 1]<UL><LI> GUICC_1.o(.rodata)
</UL>
<P><STRONG><a name="[8f]"></a>_OnExit</STRONG> (Thumb, 16 bytes, Stack size unknown bytes, GUI_Timer.o(.text._OnExit))
<BR>[Address Reference Count : 1]<UL><LI> GUI_Timer.o(.text.GUI_TIMER_Create)
</UL>
<P><STRONG><a name="[28a]"></a>_Link</STRONG> (Thumb, 156 bytes, Stack size unknown bytes, GUI_Timer.o(.text._Link))
<BR><BR>[Calls]<UL><LI><a href="#[19f]">&gt;&gt;</a>&nbsp;&nbsp;&nbsp;GUI_ALLOC_UnlockH
<LI><a href="#[19e]">&gt;&gt;</a>&nbsp;&nbsp;&nbsp;GUI_ALLOC_LockH
</UL>
<BR>[Called By]<UL><LI><a href="#[28d]">&gt;&gt;</a>&nbsp;&nbsp;&nbsp;GUI_TIMER_Restart
<LI><a href="#[289]">&gt;&gt;</a>&nbsp;&nbsp;&nbsp;GUI_TIMER_Create
</UL>

<P><STRONG><a name="[311]"></a>_Screen2hWin</STRONG> (Thumb, 1136 bytes, Stack size unknown bytes, WM_Screen2Win.o(.text._Screen2hWin))
<BR><BR>[Calls]<UL><LI><a href="#[311]">&gt;&gt;</a>&nbsp;&nbsp;&nbsp;_Screen2hWin
<LI><a href="#[19f]">&gt;&gt;</a>&nbsp;&nbsp;&nbsp;GUI_ALLOC_UnlockH
<LI><a href="#[19e]">&gt;&gt;</a>&nbsp;&nbsp;&nbsp;GUI_ALLOC_LockH
<LI><a href="#[200]">&gt;&gt;</a>&nbsp;&nbsp;&nbsp;GUI_ALLOC_h2p
</UL>
<BR>[Called By]<UL><LI><a href="#[311]">&gt;&gt;</a>&nbsp;&nbsp;&nbsp;_Screen2hWin
<LI><a href="#[2fc]">&gt;&gt;</a>&nbsp;&nbsp;&nbsp;WM_Screen2hWin
</UL>

<P><STRONG><a name="[191]"></a>_DrawDownRect</STRONG> (Thumb, 56 bytes, Stack size unknown bytes, WIDGET_Effect_Simple.o(.text._DrawDownRect))
<BR><BR>[Stack]<UL><LI>Max Depth = 128 + Unknown Stack Size
<LI>Call Chain = _DrawDownRect &rArr; GUI_DrawRect &rArr; GUI_Unlock &rArr; GUI_X_Unlock &rArr; osMutexRelease &rArr; xQueueGenericSend &rArr; xTaskResumeAll &rArr; xTaskIncrementTick
</UL>
<BR>[Calls]<UL><LI><a href="#[1ac]">&gt;&gt;</a>&nbsp;&nbsp;&nbsp;GUI_DrawRect
<LI><a href="#[1d5]">&gt;&gt;</a>&nbsp;&nbsp;&nbsp;LCD_SetColor
<LI><a href="#[27c]">&gt;&gt;</a>&nbsp;&nbsp;&nbsp;GUI_RestoreContext
<LI><a href="#[281]">&gt;&gt;</a>&nbsp;&nbsp;&nbsp;GUI_SaveContext_W
</UL>
<BR>[Address Reference Count : 1]<UL><LI> WIDGET_Effect_Simple.o(.rodata)
</UL>
<P><STRONG><a name="[18e]"></a>_DrawUp</STRONG> (Thumb, 60 bytes, Stack size unknown bytes, WIDGET_Effect_Simple.o(.text._DrawUp))
<BR><BR>[Stack]<UL><LI>Max Depth = 128 + Unknown Stack Size
<LI>Call Chain = _DrawUp &rArr; GUI_DrawRect &rArr; GUI_Unlock &rArr; GUI_X_Unlock &rArr; osMutexRelease &rArr; xQueueGenericSend &rArr; xTaskResumeAll &rArr; xTaskIncrementTick
</UL>
<BR>[Calls]<UL><LI><a href="#[1ac]">&gt;&gt;</a>&nbsp;&nbsp;&nbsp;GUI_DrawRect
<LI><a href="#[1d5]">&gt;&gt;</a>&nbsp;&nbsp;&nbsp;LCD_SetColor
<LI><a href="#[27c]">&gt;&gt;</a>&nbsp;&nbsp;&nbsp;GUI_RestoreContext
<LI><a href="#[281]">&gt;&gt;</a>&nbsp;&nbsp;&nbsp;GUI_SaveContext_W
<LI><a href="#[225]">&gt;&gt;</a>&nbsp;&nbsp;&nbsp;WM_GetClientRect
</UL>
<BR>[Address Reference Count : 1]<UL><LI> WIDGET_Effect_Simple.o(.rodata)
</UL>
<P><STRONG><a name="[18f]"></a>_DrawUpRect</STRONG> (Thumb, 56 bytes, Stack size unknown bytes, WIDGET_Effect_Simple.o(.text._DrawUpRect))
<BR><BR>[Stack]<UL><LI>Max Depth = 128 + Unknown Stack Size
<LI>Call Chain = _DrawUpRect &rArr; GUI_DrawRect &rArr; GUI_Unlock &rArr; GUI_X_Unlock &rArr; osMutexRelease &rArr; xQueueGenericSend &rArr; xTaskResumeAll &rArr; xTaskIncrementTick
</UL>
<BR>[Calls]<UL><LI><a href="#[1ac]">&gt;&gt;</a>&nbsp;&nbsp;&nbsp;GUI_DrawRect
<LI><a href="#[1d5]">&gt;&gt;</a>&nbsp;&nbsp;&nbsp;LCD_SetColor
<LI><a href="#[27c]">&gt;&gt;</a>&nbsp;&nbsp;&nbsp;GUI_RestoreContext
<LI><a href="#[281]">&gt;&gt;</a>&nbsp;&nbsp;&nbsp;GUI_SaveContext_W
</UL>
<BR>[Address Reference Count : 1]<UL><LI> WIDGET_Effect_Simple.o(.rodata)
</UL>
<P><STRONG><a name="[190]"></a>_DrawDown</STRONG> (Thumb, 60 bytes, Stack size unknown bytes, WIDGET_Effect_Simple.o(.text._DrawDown))
<BR><BR>[Stack]<UL><LI>Max Depth = 128 + Unknown Stack Size
<LI>Call Chain = _DrawDown &rArr; GUI_DrawRect &rArr; GUI_Unlock &rArr; GUI_X_Unlock &rArr; osMutexRelease &rArr; xQueueGenericSend &rArr; xTaskResumeAll &rArr; xTaskIncrementTick
</UL>
<BR>[Calls]<UL><LI><a href="#[1ac]">&gt;&gt;</a>&nbsp;&nbsp;&nbsp;GUI_DrawRect
<LI><a href="#[1d5]">&gt;&gt;</a>&nbsp;&nbsp;&nbsp;LCD_SetColor
<LI><a href="#[27c]">&gt;&gt;</a>&nbsp;&nbsp;&nbsp;GUI_RestoreContext
<LI><a href="#[281]">&gt;&gt;</a>&nbsp;&nbsp;&nbsp;GUI_SaveContext_W
<LI><a href="#[225]">&gt;&gt;</a>&nbsp;&nbsp;&nbsp;WM_GetClientRect
</UL>
<BR>[Address Reference Count : 1]<UL><LI> WIDGET_Effect_Simple.o(.rodata)
</UL>
<P><STRONG><a name="[27d]"></a>_CreateBuffer.isra.4</STRONG> (Thumb, 180 bytes, Stack size unknown bytes, GUI_SPRITE.o(.text._CreateBuffer.isra.4))
<BR><BR>[Stack]<UL><LI>Max Depth = 128 + Unknown Stack Size
<LI>Call Chain = _CreateBuffer.isra.4 &rArr; GUI_ALLOC_GetMaxSize &rArr; _EnlargeBlocks &rArr;  _Alloc (Cycle)
</UL>
<BR>[Calls]<UL><LI><a href="#[24d]">&gt;&gt;</a>&nbsp;&nbsp;&nbsp;GUI_DEVICE__GetpDriver
<LI><a href="#[1e9]">&gt;&gt;</a>&nbsp;&nbsp;&nbsp;GUI_ALLOC_GetMaxSize
<LI><a href="#[19e]">&gt;&gt;</a>&nbsp;&nbsp;&nbsp;GUI_ALLOC_LockH
<LI><a href="#[1e3]">&gt;&gt;</a>&nbsp;&nbsp;&nbsp;GUI_ALLOC_AllocNoInit
</UL>
<BR>[Called By]<UL><LI><a href="#[1f4]">&gt;&gt;</a>&nbsp;&nbsp;&nbsp;GUI_SPRITE_SetPosition
</UL>

<P><STRONG><a name="[27f]"></a>_SetBkIndexBuffered</STRONG> (Thumb, 198 bytes, Stack size unknown bytes, GUI_SPRITE.o(.text._SetBkIndexBuffered))
<BR><BR>[Calls]<UL><LI><a href="#[271]">&gt;&gt;</a>&nbsp;&nbsp;&nbsp;GUI__CompactPixelIndices
</UL>
<BR>[Called By]<UL><LI><a href="#[1f4]">&gt;&gt;</a>&nbsp;&nbsp;&nbsp;GUI_SPRITE_SetPosition
</UL>

<P><STRONG><a name="[280]"></a>_ReleaseBuffer.isra.7</STRONG> (Thumb, 140 bytes, Stack size unknown bytes, GUI_SPRITE.o(.text._ReleaseBuffer.isra.7))
<BR><BR>[Stack]<UL><LI>Max Depth = 128 + Unknown Stack Size
<LI>Call Chain = _ReleaseBuffer.isra.7 &rArr; GUI_ALLOC_Free &rArr; GUI_Unlock &rArr; GUI_X_Unlock &rArr; osMutexRelease &rArr; xQueueGenericSend &rArr; xTaskResumeAll &rArr; xTaskIncrementTick
</UL>
<BR>[Calls]<UL><LI><a href="#[271]">&gt;&gt;</a>&nbsp;&nbsp;&nbsp;GUI__CompactPixelIndices
<LI><a href="#[1e5]">&gt;&gt;</a>&nbsp;&nbsp;&nbsp;GUI_ALLOC_Free
<LI><a href="#[19f]">&gt;&gt;</a>&nbsp;&nbsp;&nbsp;GUI_ALLOC_UnlockH
</UL>
<BR>[Called By]<UL><LI><a href="#[1f4]">&gt;&gt;</a>&nbsp;&nbsp;&nbsp;GUI_SPRITE_SetPosition
</UL>

<P><STRONG><a name="[1e]"></a>_Create</STRONG> (Thumb, 56 bytes, Stack size unknown bytes, SCROLLBAR_Skin.o(.text._Create))
<BR><BR>[Calls]<UL><LI><a href="#[19f]">&gt;&gt;</a>&nbsp;&nbsp;&nbsp;GUI_ALLOC_UnlockH
<LI><a href="#[19e]">&gt;&gt;</a>&nbsp;&nbsp;&nbsp;GUI_ALLOC_LockH
</UL>
<BR>[Address Reference Count : 1]<UL><LI> SCROLLBAR_Skin.o(.data)
</UL>
<P><STRONG><a name="[ad]"></a>_CalcPositions</STRONG> (Thumb, 380 bytes, Stack size unknown bytes, SCROLLBAR_Skin.o(.text._CalcPositions))
<BR><BR>[Stack]<UL><LI>Max Depth = 128 + Unknown Stack Size
<LI>Call Chain = _CalcPositions &rArr; WM_GetWindowRectEx &rArr; GUI_Unlock &rArr; GUI_X_Unlock &rArr; osMutexRelease &rArr; xQueueGenericSend &rArr; xTaskResumeAll &rArr; xTaskIncrementTick
</UL>
<BR>[Calls]<UL><LI><a href="#[2f3]">&gt;&gt;</a>&nbsp;&nbsp;&nbsp;WM_GetWindowRectEx
<LI><a href="#[2b0]">&gt;&gt;</a>&nbsp;&nbsp;&nbsp;WM_GetScrollbarV
<LI><a href="#[2b1]">&gt;&gt;</a>&nbsp;&nbsp;&nbsp;WM_GetScrollbarH
<LI><a href="#[2d7]">&gt;&gt;</a>&nbsp;&nbsp;&nbsp;GUI__DivideRound32
<LI><a href="#[321]">&gt;&gt;</a>&nbsp;&nbsp;&nbsp;SCROLLBAR__Rect2VRect
<LI><a href="#[1af]">&gt;&gt;</a>&nbsp;&nbsp;&nbsp;GUI_MoveRect
<LI><a href="#[19f]">&gt;&gt;</a>&nbsp;&nbsp;&nbsp;GUI_ALLOC_UnlockH
<LI><a href="#[19e]">&gt;&gt;</a>&nbsp;&nbsp;&nbsp;GUI_ALLOC_LockH
</UL>
<BR>[Called By]<UL><LI><a href="#[1d]">&gt;&gt;</a>&nbsp;&nbsp;&nbsp;_Paint
</UL>
<BR>[Address Reference Count : 1]<UL><LI> SCROLLBAR_Skin.o(.text._Create)
</UL>
<P><STRONG><a name="[1d]"></a>_Paint</STRONG> (Thumb, 182 bytes, Stack size unknown bytes, SCROLLBAR_Skin.o(.text._Paint))
<BR><BR>[Stack]<UL><LI>Max Depth = 128 + Unknown Stack Size
<LI>Call Chain = _Paint &rArr; WIDGET__GetClientRect &rArr; WM_GetClientRect &rArr; GUI_Unlock &rArr; GUI_X_Unlock &rArr; osMutexRelease &rArr; xQueueGenericSend &rArr; xTaskResumeAll &rArr; xTaskIncrementTick
</UL>
<BR>[Calls]<UL><LI><a href="#[2e0]">&gt;&gt;</a>&nbsp;&nbsp;&nbsp;WIDGET__GetClientRect
<LI><a href="#[19f]">&gt;&gt;</a>&nbsp;&nbsp;&nbsp;GUI_ALLOC_UnlockH
<LI><a href="#[19e]">&gt;&gt;</a>&nbsp;&nbsp;&nbsp;GUI_ALLOC_LockH
<LI><a href="#[ad]">&gt;&gt;</a>&nbsp;&nbsp;&nbsp;_CalcPositions
</UL>
<BR>[Address Reference Count : 1]<UL><LI> SCROLLBAR_Skin.o(.data)
</UL>
<P><STRONG><a name="[9c]"></a>_DrawGraspH</STRONG> (Thumb, 94 bytes, Stack size unknown bytes, SCROLLBAR_SkinFlex.o(.text._DrawGraspH))
<BR><BR>[Stack]<UL><LI>Max Depth = 128 + Unknown Stack Size
<LI>Call Chain = _DrawGraspH &rArr; GUI_SetColor &rArr; GUI_Unlock &rArr; GUI_X_Unlock &rArr; osMutexRelease &rArr; xQueueGenericSend &rArr; xTaskResumeAll &rArr; xTaskIncrementTick
</UL>
<BR>[Calls]<UL><LI><a href="#[1ab]">&gt;&gt;</a>&nbsp;&nbsp;&nbsp;GUI_SetColor
<LI><a href="#[1b7]">&gt;&gt;</a>&nbsp;&nbsp;&nbsp;GUI_DrawVLine
</UL>
<BR>[Address Reference Count : 1]<UL><LI> SCROLLBAR_SkinFlex.o(.text.SCROLLBAR_DrawSkinFlex)
</UL>
<P><STRONG><a name="[9e]"></a>_DrawGraspV</STRONG> (Thumb, 94 bytes, Stack size unknown bytes, SCROLLBAR_SkinFlex.o(.text._DrawGraspV))
<BR><BR>[Stack]<UL><LI>Max Depth = 128 + Unknown Stack Size
<LI>Call Chain = _DrawGraspV &rArr; GUI_SetColor &rArr; GUI_Unlock &rArr; GUI_X_Unlock &rArr; osMutexRelease &rArr; xQueueGenericSend &rArr; xTaskResumeAll &rArr; xTaskIncrementTick
</UL>
<BR>[Calls]<UL><LI><a href="#[1ab]">&gt;&gt;</a>&nbsp;&nbsp;&nbsp;GUI_SetColor
<LI><a href="#[1b6]">&gt;&gt;</a>&nbsp;&nbsp;&nbsp;GUI_DrawHLine
</UL>
<BR>[Address Reference Count : 1]<UL><LI> SCROLLBAR_SkinFlex.o(.text.SCROLLBAR_DrawSkinFlex)
</UL>
<P><STRONG><a name="[324]"></a>_DrawFrame</STRONG> (Thumb, 244 bytes, Stack size unknown bytes, SCROLLBAR_SkinFlex.o(.text._DrawFrame))
<BR><BR>[Stack]<UL><LI>Max Depth = 128 + Unknown Stack Size
<LI>Call Chain = _DrawFrame &rArr; GUI_SetColor &rArr; GUI_Unlock &rArr; GUI_X_Unlock &rArr; osMutexRelease &rArr; xQueueGenericSend &rArr; xTaskResumeAll &rArr; xTaskIncrementTick
</UL>
<BR>[Calls]<UL><LI><a href="#[1ab]">&gt;&gt;</a>&nbsp;&nbsp;&nbsp;GUI_SetColor
<LI><a href="#[1b7]">&gt;&gt;</a>&nbsp;&nbsp;&nbsp;GUI_DrawVLine
<LI><a href="#[1c7]">&gt;&gt;</a>&nbsp;&nbsp;&nbsp;GUI_DrawPixel
<LI><a href="#[1b6]">&gt;&gt;</a>&nbsp;&nbsp;&nbsp;GUI_DrawHLine
</UL>
<BR>[Called By]<UL><LI><a href="#[9f]">&gt;&gt;</a>&nbsp;&nbsp;&nbsp;_DrawBackgroundV
<LI><a href="#[9d]">&gt;&gt;</a>&nbsp;&nbsp;&nbsp;_DrawBackgroundH
</UL>

<P><STRONG><a name="[9d]"></a>_DrawBackgroundH</STRONG> (Thumb, 94 bytes, Stack size unknown bytes, SCROLLBAR_SkinFlex.o(.text._DrawBackgroundH))
<BR><BR>[Stack]<UL><LI>Max Depth = 128 + Unknown Stack Size
<LI>Call Chain = _DrawBackgroundH &rArr; GUI_DrawGradientV &rArr; GUI_GetColor &rArr; GUI_Unlock &rArr; GUI_X_Unlock &rArr; osMutexRelease &rArr; xQueueGenericSend &rArr; xTaskResumeAll &rArr; xTaskIncrementTick
</UL>
<BR>[Calls]<UL><LI><a href="#[a0]">&gt;&gt;</a>&nbsp;&nbsp;&nbsp;GUI_DrawGradientV
<LI><a href="#[324]">&gt;&gt;</a>&nbsp;&nbsp;&nbsp;_DrawFrame
</UL>
<BR>[Address Reference Count : 1]<UL><LI> SCROLLBAR_SkinFlex.o(.text.SCROLLBAR_DrawSkinFlex)
</UL>
<P><STRONG><a name="[9f]"></a>_DrawBackgroundV</STRONG> (Thumb, 94 bytes, Stack size unknown bytes, SCROLLBAR_SkinFlex.o(.text._DrawBackgroundV))
<BR><BR>[Stack]<UL><LI>Max Depth = 128 + Unknown Stack Size
<LI>Call Chain = _DrawBackgroundV &rArr; GUI_DrawGradientH &rArr; GUI_GetColor &rArr; GUI_Unlock &rArr; GUI_X_Unlock &rArr; osMutexRelease &rArr; xQueueGenericSend &rArr; xTaskResumeAll &rArr; xTaskIncrementTick
</UL>
<BR>[Calls]<UL><LI><a href="#[a1]">&gt;&gt;</a>&nbsp;&nbsp;&nbsp;GUI_DrawGradientH
<LI><a href="#[324]">&gt;&gt;</a>&nbsp;&nbsp;&nbsp;_DrawFrame
</UL>
<BR>[Address Reference Count : 1]<UL><LI> SCROLLBAR_SkinFlex.o(.text.SCROLLBAR_DrawSkinFlex)
</UL><P>
<H3>
Undefined Global Symbols
</H3><HR></body></html>
